Archive member included to satisfy reference by file (symbol)

/opt/st/stm32cubeide_1.5.1/plugins/com.st.stm32cube.ide.mcu.externaltools.gnu-tools-for-stm32.7-2018-q2-update.linux64_1.5.0.202011040924/tools/bin/../lib/gcc/arm-none-eabi/7.3.1/../../../../arm-none-eabi/lib/thumb/v7-m/libc_nano.a(lib_a-errno.o)
                              Core/Src/syscalls.o (__errno)
/opt/st/stm32cubeide_1.5.1/plugins/com.st.stm32cube.ide.mcu.externaltools.gnu-tools-for-stm32.7-2018-q2-update.linux64_1.5.0.202011040924/tools/bin/../lib/gcc/arm-none-eabi/7.3.1/../../../../arm-none-eabi/lib/thumb/v7-m/libc_nano.a(lib_a-exit.o)
                              /opt/st/stm32cubeide_1.5.1/plugins/com.st.stm32cube.ide.mcu.externaltools.gnu-tools-for-stm32.7-2018-q2-update.linux64_1.5.0.202011040924/tools/bin/../lib/gcc/arm-none-eabi/7.3.1/../../../../arm-none-eabi/lib/thumb/v7-m/crt0.o (exit)
/opt/st/stm32cubeide_1.5.1/plugins/com.st.stm32cube.ide.mcu.externaltools.gnu-tools-for-stm32.7-2018-q2-update.linux64_1.5.0.202011040924/tools/bin/../lib/gcc/arm-none-eabi/7.3.1/../../../../arm-none-eabi/lib/thumb/v7-m/libc_nano.a(lib_a-impure.o)
                              /opt/st/stm32cubeide_1.5.1/plugins/com.st.stm32cube.ide.mcu.externaltools.gnu-tools-for-stm32.7-2018-q2-update.linux64_1.5.0.202011040924/tools/bin/../lib/gcc/arm-none-eabi/7.3.1/../../../../arm-none-eabi/lib/thumb/v7-m/libc_nano.a(lib_a-exit.o) (_global_impure_ptr)
/opt/st/stm32cubeide_1.5.1/plugins/com.st.stm32cube.ide.mcu.externaltools.gnu-tools-for-stm32.7-2018-q2-update.linux64_1.5.0.202011040924/tools/bin/../lib/gcc/arm-none-eabi/7.3.1/../../../../arm-none-eabi/lib/thumb/v7-m/libc_nano.a(lib_a-init.o)
                              /opt/st/stm32cubeide_1.5.1/plugins/com.st.stm32cube.ide.mcu.externaltools.gnu-tools-for-stm32.7-2018-q2-update.linux64_1.5.0.202011040924/tools/bin/../lib/gcc/arm-none-eabi/7.3.1/../../../../arm-none-eabi/lib/thumb/v7-m/crt0.o (__libc_init_array)
/opt/st/stm32cubeide_1.5.1/plugins/com.st.stm32cube.ide.mcu.externaltools.gnu-tools-for-stm32.7-2018-q2-update.linux64_1.5.0.202011040924/tools/bin/../lib/gcc/arm-none-eabi/7.3.1/../../../../arm-none-eabi/lib/thumb/v7-m/libc_nano.a(lib_a-memset.o)
                              /opt/st/stm32cubeide_1.5.1/plugins/com.st.stm32cube.ide.mcu.externaltools.gnu-tools-for-stm32.7-2018-q2-update.linux64_1.5.0.202011040924/tools/bin/../lib/gcc/arm-none-eabi/7.3.1/../../../../arm-none-eabi/lib/thumb/v7-m/crt0.o (memset)

Allocating common symbols
Common symbol       size              file

hUsbDeviceFS        0x2c4             USB_DEVICE/App/usb_device.o
uwTick              0x4               Drivers/STM32F1xx_HAL_Driver/Src/stm32f1xx_hal.o
pFlash              0x20              Drivers/STM32F1xx_HAL_Driver/Src/stm32f1xx_hal_flash.o
UserRxBufferFS      0x3e8             USB_DEVICE/App/usbd_cdc_if.o
UserTxBufferFS      0x3e8             USB_DEVICE/App/usbd_cdc_if.o
hpcd_USB_FS         0x2ec             USB_DEVICE/Target/usbd_conf.o
USBD_StrDesc        0x200             USB_DEVICE/App/usbd_desc.o

Discarded input sections

 .text          0x0000000000000000        0x0 /opt/st/stm32cubeide_1.5.1/plugins/com.st.stm32cube.ide.mcu.externaltools.gnu-tools-for-stm32.7-2018-q2-update.linux64_1.5.0.202011040924/tools/bin/../lib/gcc/arm-none-eabi/7.3.1/thumb/v7-m/crti.o
 .data          0x0000000000000000        0x0 /opt/st/stm32cubeide_1.5.1/plugins/com.st.stm32cube.ide.mcu.externaltools.gnu-tools-for-stm32.7-2018-q2-update.linux64_1.5.0.202011040924/tools/bin/../lib/gcc/arm-none-eabi/7.3.1/thumb/v7-m/crti.o
 .bss           0x0000000000000000        0x0 /opt/st/stm32cubeide_1.5.1/plugins/com.st.stm32cube.ide.mcu.externaltools.gnu-tools-for-stm32.7-2018-q2-update.linux64_1.5.0.202011040924/tools/bin/../lib/gcc/arm-none-eabi/7.3.1/thumb/v7-m/crti.o
 .data          0x0000000000000000        0x4 /opt/st/stm32cubeide_1.5.1/plugins/com.st.stm32cube.ide.mcu.externaltools.gnu-tools-for-stm32.7-2018-q2-update.linux64_1.5.0.202011040924/tools/bin/../lib/gcc/arm-none-eabi/7.3.1/thumb/v7-m/crtbegin.o
 .text          0x0000000000000000       0x74 /opt/st/stm32cubeide_1.5.1/plugins/com.st.stm32cube.ide.mcu.externaltools.gnu-tools-for-stm32.7-2018-q2-update.linux64_1.5.0.202011040924/tools/bin/../lib/gcc/arm-none-eabi/7.3.1/../../../../arm-none-eabi/lib/thumb/v7-m/crt0.o
 .data          0x0000000000000000        0x0 /opt/st/stm32cubeide_1.5.1/plugins/com.st.stm32cube.ide.mcu.externaltools.gnu-tools-for-stm32.7-2018-q2-update.linux64_1.5.0.202011040924/tools/bin/../lib/gcc/arm-none-eabi/7.3.1/../../../../arm-none-eabi/lib/thumb/v7-m/crt0.o
 .bss           0x0000000000000000        0x0 /opt/st/stm32cubeide_1.5.1/plugins/com.st.stm32cube.ide.mcu.externaltools.gnu-tools-for-stm32.7-2018-q2-update.linux64_1.5.0.202011040924/tools/bin/../lib/gcc/arm-none-eabi/7.3.1/../../../../arm-none-eabi/lib/thumb/v7-m/crt0.o
[...]
Memory Configuration

Name             Origin             Length             Attributes
RAM              0x0000000020000000 0x0000000000005000 xrw
FLASH            0x0000000008000000 0x0000000000010000 xr
*default*        0x0000000000000000 0xffffffffffffffff

Linker script and memory map

LOAD /opt/st/stm32cubeide_1.5.1/plugins/com.st.stm32cube.ide.mcu.externaltools.gnu-tools-for-stm32.7-2018-q2-update.linux64_1.5.0.202011040924/tools/bin/../lib/gcc/arm-none-eabi/7.3.1/thumb/v7-m/crti.o
LOAD /opt/st/stm32cubeide_1.5.1/plugins/com.st.stm32cube.ide.mcu.externaltools.gnu-tools-for-stm32.7-2018-q2-update.linux64_1.5.0.202011040924/tools/bin/../lib/gcc/arm-none-eabi/7.3.1/thumb/v7-m/crtbegin.o
LOAD /opt/st/stm32cubeide_1.5.1/plugins/com.st.stm32cube.ide.mcu.externaltools.gnu-tools-for-stm32.7-2018-q2-update.linux64_1.5.0.202011040924/tools/bin/../lib/gcc/arm-none-eabi/7.3.1/../../../../arm-none-eabi/lib/thumb/v7-m/crt0.o
LOAD Core/Src/main.o
LOAD Core/Src/stm32f1xx_hal_msp.o
LOAD Core/Src/stm32f1xx_it.o
LOAD Core/Src/syscalls.o
LOAD Core/Src/sysmem.o
LOAD Core/Src/system_stm32f1xx.o
LOAD Core/Startup/startup_stm32f103c8tx.o
LOAD Drivers/STM32F1xx_HAL_Driver/Src/stm32f1xx_hal.o
LOAD Drivers/STM32F1xx_HAL_Driver/Src/stm32f1xx_hal_cortex.o
LOAD Drivers/STM32F1xx_HAL_Driver/Src/stm32f1xx_hal_dma.o
LOAD Drivers/STM32F1xx_HAL_Driver/Src/stm32f1xx_hal_exti.o
LOAD Drivers/STM32F1xx_HAL_Driver/Src/stm32f1xx_hal_flash.o
LOAD Drivers/STM32F1xx_HAL_Driver/Src/stm32f1xx_hal_flash_ex.o
LOAD Drivers/STM32F1xx_HAL_Driver/Src/stm32f1xx_hal_gpio.o
LOAD Drivers/STM32F1xx_HAL_Driver/Src/stm32f1xx_hal_gpio_ex.o
LOAD Drivers/STM32F1xx_HAL_Driver/Src/stm32f1xx_hal_pcd.o
LOAD Drivers/STM32F1xx_HAL_Driver/Src/stm32f1xx_hal_pcd_ex.o
LOAD Drivers/STM32F1xx_HAL_Driver/Src/stm32f1xx_hal_pwr.o
LOAD Drivers/STM32F1xx_HAL_Driver/Src/stm32f1xx_hal_rcc.o
LOAD Drivers/STM32F1xx_HAL_Driver/Src/stm32f1xx_hal_rcc_ex.o
LOAD Drivers/STM32F1xx_HAL_Driver/Src/stm32f1xx_hal_tim.o
LOAD Drivers/STM32F1xx_HAL_Driver/Src/stm32f1xx_hal_tim_ex.o
LOAD Drivers/STM32F1xx_HAL_Driver/Src/stm32f1xx_ll_usb.o
LOAD Middlewares/ST/STM32_USB_Device_Library/Class/CDC/Src/usbd_cdc.o
LOAD Middlewares/ST/STM32_USB_Device_Library/Core/Src/usbd_core.o
LOAD Middlewares/ST/STM32_USB_Device_Library/Core/Src/usbd_ctlreq.o
LOAD Middlewares/ST/STM32_USB_Device_Library/Core/Src/usbd_ioreq.o
LOAD USB_DEVICE/App/usb_device.o
LOAD USB_DEVICE/App/usbd_cdc_if.o
LOAD USB_DEVICE/App/usbd_desc.o
LOAD USB_DEVICE/Target/usbd_conf.o
START GROUP
LOAD /opt/st/stm32cubeide_1.5.1/plugins/com.st.stm32cube.ide.mcu.externaltools.gnu-tools-for-stm32.7-2018-q2-update.linux64_1.5.0.202011040924/tools/bin/../lib/gcc/arm-none-eabi/7.3.1/../../../../arm-none-eabi/lib/thumb/v7-m/libc_nano.a
LOAD /opt/st/stm32cubeide_1.5.1/plugins/com.st.stm32cube.ide.mcu.externaltools.gnu-tools-for-stm32.7-2018-q2-update.linux64_1.5.0.202011040924/tools/bin/../lib/gcc/arm-none-eabi/7.3.1/../../../../arm-none-eabi/lib/thumb/v7-m/libm.a
END GROUP
START GROUP
LOAD /opt/st/stm32cubeide_1.5.1/plugins/com.st.stm32cube.ide.mcu.externaltools.gnu-tools-for-stm32.7-2018-q2-update.linux64_1.5.0.202011040924/tools/bin/../lib/gcc/arm-none-eabi/7.3.1/thumb/v7-m/libgcc.a
LOAD /opt/st/stm32cubeide_1.5.1/plugins/com.st.stm32cube.ide.mcu.externaltools.gnu-tools-for-stm32.7-2018-q2-update.linux64_1.5.0.202011040924/tools/bin/../lib/gcc/arm-none-eabi/7.3.1/../../../../arm-none-eabi/lib/thumb/v7-m/libc_nano.a
END GROUP
START GROUP
LOAD /opt/st/stm32cubeide_1.5.1/plugins/com.st.stm32cube.ide.mcu.externaltools.gnu-tools-for-stm32.7-2018-q2-update.linux64_1.5.0.202011040924/tools/bin/../lib/gcc/arm-none-eabi/7.3.1/thumb/v7-m/libgcc.a
LOAD /opt/st/stm32cubeide_1.5.1/plugins/com.st.stm32cube.ide.mcu.externaltools.gnu-tools-for-stm32.7-2018-q2-update.linux64_1.5.0.202011040924/tools/bin/../lib/gcc/arm-none-eabi/7.3.1/../../../../arm-none-eabi/lib/thumb/v7-m/libc_nano.a
LOAD /opt/st/stm32cubeide_1.5.1/plugins/com.st.stm32cube.ide.mcu.externaltools.gnu-tools-for-stm32.7-2018-q2-update.linux64_1.5.0.202011040924/tools/bin/../lib/gcc/arm-none-eabi/7.3.1/../../../../arm-none-eabi/lib/thumb/v7-m/libnosys.a
END GROUP
START GROUP
LOAD /opt/st/stm32cubeide_1.5.1/plugins/com.st.stm32cube.ide.mcu.externaltools.gnu-tools-for-stm32.7-2018-q2-update.linux64_1.5.0.202011040924/tools/bin/../lib/gcc/arm-none-eabi/7.3.1/thumb/v7-m/libgcc.a
LOAD /opt/st/stm32cubeide_1.5.1/plugins/com.st.stm32cube.ide.mcu.externaltools.gnu-tools-for-stm32.7-2018-q2-update.linux64_1.5.0.202011040924/tools/bin/../lib/gcc/arm-none-eabi/7.3.1/../../../../arm-none-eabi/lib/thumb/v7-m/libc_nano.a
LOAD /opt/st/stm32cubeide_1.5.1/plugins/com.st.stm32cube.ide.mcu.externaltools.gnu-tools-for-stm32.7-2018-q2-update.linux64_1.5.0.202011040924/tools/bin/../lib/gcc/arm-none-eabi/7.3.1/../../../../arm-none-eabi/lib/thumb/v7-m/libnosys.a
END GROUP
LOAD /opt/st/stm32cubeide_1.5.1/plugins/com.st.stm32cube.ide.mcu.externaltools.gnu-tools-for-stm32.7-2018-q2-update.linux64_1.5.0.202011040924/tools/bin/../lib/gcc/arm-none-eabi/7.3.1/thumb/v7-m/crtend.o
LOAD /opt/st/stm32cubeide_1.5.1/plugins/com.st.stm32cube.ide.mcu.externaltools.gnu-tools-for-stm32.7-2018-q2-update.linux64_1.5.0.202011040924/tools/bin/../lib/gcc/arm-none-eabi/7.3.1/thumb/v7-m/crtn.o
                0x0000000020005000                _estack = (ORIGIN (RAM) + LENGTH (RAM))
                0x0000000000000200                _Min_Heap_Size = 0x200
                0x0000000000000400                _Min_Stack_Size = 0x400

.isr_vector     0x0000000008000000      0x10c
                0x0000000008000000                . = ALIGN (0x4)
 *(.isr_vector)
 .isr_vector    0x0000000008000000      0x10c Core/Startup/startup_stm32f103c8tx.o
                0x0000000008000000                g_pfnVectors
                0x000000000800010c                . = ALIGN (0x4)

.text           0x000000000800010c     0x6b3c
                0x000000000800010c                . = ALIGN (0x4)
 *(.text)
 .text          0x000000000800010c       0x40 /opt/st/stm32cubeide_1.5.1/plugins/com.st.stm32cube.ide.mcu.externaltools.gnu-tools-for-stm32.7-2018-q2-update.linux64_1.5.0.202011040924/tools/bin/../lib/gcc/arm-none-eabi/7.3.1/thumb/v7-m/crtbegin.o
 *(.text*)
 .text.main     0x000000000800014c       0x38 Core/Src/main.o
                0x000000000800014c                main
 .text.SystemClock_Config
                0x0000000008000184       0xb6 Core/Src/main.o
                0x0000000008000184                SystemClock_Config
 *fill*         0x000000000800023a        0x2 
 .text.MX_GPIO_Init
                0x000000000800023c       0x98 Core/Src/main.o
 .text.Error_Handler
                0x00000000080002d4        0x8 Core/Src/main.o
                0x00000000080002d4                Error_Handler
 .text.HAL_MspInit
                0x00000000080002dc       0x64 Core/Src/stm32f1xx_hal_msp.o
                0x00000000080002dc                HAL_MspInit
 .text.NMI_Handler
                0x0000000008000340        0x6 Core/Src/stm32f1xx_it.o
                0x0000000008000340                NMI_Handler
 .text.HardFault_Handler
                0x0000000008000346        0x6 Core/Src/stm32f1xx_it.o
                0x0000000008000346                HardFault_Handler
 .text.MemManage_Handler
                0x000000000800034c        0x6 Core/Src/stm32f1xx_it.o
                0x000000000800034c                MemManage_Handler
 .text.BusFault_Handler
                0x0000000008000352        0x6 Core/Src/stm32f1xx_it.o
                0x0000000008000352                BusFault_Handler
 .text.UsageFault_Handler
                0x0000000008000358        0x6 Core/Src/stm32f1xx_it.o
                0x0000000008000358                UsageFault_Handler
 .text.SVC_Handler
                0x000000000800035e        0xc Core/Src/stm32f1xx_it.o
                0x000000000800035e                SVC_Handler
 .text.DebugMon_Handler
                0x000000000800036a        0xc Core/Src/stm32f1xx_it.o
                0x000000000800036a                DebugMon_Handler
 .text.PendSV_Handler
                0x0000000008000376        0xc Core/Src/stm32f1xx_it.o
                0x0000000008000376                PendSV_Handler
 .text.SysTick_Handler
                0x0000000008000382        0xc Core/Src/stm32f1xx_it.o
                0x0000000008000382                SysTick_Handler
 *fill*         0x000000000800038e        0x2 
 .text.USB_LP_CAN1_RX0_IRQHandler
                0x0000000008000390       0x14 Core/Src/stm32f1xx_it.o
                0x0000000008000390                USB_LP_CAN1_RX0_IRQHandler
 .text.SystemInit
                0x00000000080003a4        0xc Core/Src/system_stm32f1xx.o
                0x00000000080003a4                SystemInit
 .text.Reset_Handler
                0x00000000080003b0       0x48 Core/Startup/startup_stm32f103c8tx.o
                0x00000000080003b0                Reset_Handler
 .text.Default_Handler
                0x00000000080003f8        0x2 Core/Startup/startup_stm32f103c8tx.o
                0x00000000080003f8                RTC_Alarm_IRQHandler
                0x00000000080003f8                EXTI2_IRQHandler
                0x00000000080003f8                TIM1_CC_IRQHandler
                0x00000000080003f8                PVD_IRQHandler
                0x00000000080003f8                EXTI3_IRQHandler
                0x00000000080003f8                EXTI0_IRQHandler
                0x00000000080003f8                I2C2_EV_IRQHandler
                0x00000000080003f8                ADC1_2_IRQHandler
                0x00000000080003f8                SPI1_IRQHandler
                0x00000000080003f8                TAMPER_IRQHandler
                0x00000000080003f8                DMA1_Channel4_IRQHandler
                0x00000000080003f8                USART3_IRQHandler
                0x00000000080003f8                RTC_IRQHandler
                0x00000000080003f8                DMA1_Channel7_IRQHandler
                0x00000000080003f8                CAN1_RX1_IRQHandler
                0x00000000080003f8                TIM4_IRQHandler
                0x00000000080003f8                I2C1_EV_IRQHandler
                0x00000000080003f8                DMA1_Channel6_IRQHandler
                0x00000000080003f8                TIM3_IRQHandler
                0x00000000080003f8                RCC_IRQHandler
                0x00000000080003f8                TIM1_TRG_COM_IRQHandler
                0x00000000080003f8                DMA1_Channel1_IRQHandler
                0x00000000080003f8                Default_Handler
                0x00000000080003f8                EXTI15_10_IRQHandler
                0x00000000080003f8                EXTI9_5_IRQHandler
                0x00000000080003f8                SPI2_IRQHandler
                0x00000000080003f8                DMA1_Channel5_IRQHandler
                0x00000000080003f8                EXTI4_IRQHandler
                0x00000000080003f8                USB_HP_CAN1_TX_IRQHandler
                0x00000000080003f8                DMA1_Channel3_IRQHandler
                0x00000000080003f8                TIM1_UP_IRQHandler
                0x00000000080003f8                WWDG_IRQHandler
                0x00000000080003f8                TIM2_IRQHandler
                0x00000000080003f8                TIM1_BRK_IRQHandler
                0x00000000080003f8                EXTI1_IRQHandler
                0x00000000080003f8                USART2_IRQHandler
                0x00000000080003f8                I2C2_ER_IRQHandler
                0x00000000080003f8                DMA1_Channel2_IRQHandler
                0x00000000080003f8                CAN1_SCE_IRQHandler
                0x00000000080003f8                FLASH_IRQHandler
                0x00000000080003f8                USART1_IRQHandler
                0x00000000080003f8                I2C1_ER_IRQHandler
                0x00000000080003f8                USBWakeUp_IRQHandler
 *fill*         0x00000000080003fa        0x2 
 .text.HAL_Init
                0x00000000080003fc       0x2c Drivers/STM32F1xx_HAL_Driver/Src/stm32f1xx_hal.o
                0x00000000080003fc                HAL_Init
 .text.HAL_InitTick
                0x0000000008000428       0x60 Drivers/STM32F1xx_HAL_Driver/Src/stm32f1xx_hal.o
                0x0000000008000428                HAL_InitTick
 .text.HAL_IncTick
                0x0000000008000488       0x24 Drivers/STM32F1xx_HAL_Driver/Src/stm32f1xx_hal.o
                0x0000000008000488                HAL_IncTick
 .text.HAL_GetTick
                0x00000000080004ac       0x14 Drivers/STM32F1xx_HAL_Driver/Src/stm32f1xx_hal.o
                0x00000000080004ac                HAL_GetTick
 .text.HAL_Delay
                0x00000000080004c0       0x44 Drivers/STM32F1xx_HAL_Driver/Src/stm32f1xx_hal.o
                0x00000000080004c0                HAL_Delay
 .text.__NVIC_SetPriorityGrouping
                0x0000000008000504       0x48 Drivers/STM32F1xx_HAL_Driver/Src/stm32f1xx_hal_cortex.o
 .text.__NVIC_GetPriorityGrouping
                0x000000000800054c       0x1c Drivers/STM32F1xx_HAL_Driver/Src/stm32f1xx_hal_cortex.o
 .text.__NVIC_EnableIRQ
                0x0000000008000568       0x38 Drivers/STM32F1xx_HAL_Driver/Src/stm32f1xx_hal_cortex.o
 .text.__NVIC_SetPriority
                0x00000000080005a0       0x54 Drivers/STM32F1xx_HAL_Driver/Src/stm32f1xx_hal_cortex.o
 .text.NVIC_EncodePriority
                0x00000000080005f4       0x64 Drivers/STM32F1xx_HAL_Driver/Src/stm32f1xx_hal_cortex.o
 .text.SysTick_Config
                0x0000000008000658       0x44 Drivers/STM32F1xx_HAL_Driver/Src/stm32f1xx_hal_cortex.o
 .text.HAL_NVIC_SetPriorityGrouping
                0x000000000800069c       0x16 Drivers/STM32F1xx_HAL_Driver/Src/stm32f1xx_hal_cortex.o
                0x000000000800069c                HAL_NVIC_SetPriorityGrouping
 .text.HAL_NVIC_SetPriority
                0x00000000080006b2       0x38 Drivers/STM32F1xx_HAL_Driver/Src/stm32f1xx_hal_cortex.o
                0x00000000080006b2                HAL_NVIC_SetPriority
 .text.HAL_NVIC_EnableIRQ
                0x00000000080006ea       0x1c Drivers/STM32F1xx_HAL_Driver/Src/stm32f1xx_hal_cortex.o
                0x00000000080006ea                HAL_NVIC_EnableIRQ
 .text.HAL_SYSTICK_Config
                0x0000000008000706       0x18 Drivers/STM32F1xx_HAL_Driver/Src/stm32f1xx_hal_cortex.o
                0x0000000008000706                HAL_SYSTICK_Config
 *fill*         0x000000000800071e        0x2 
 .text.HAL_GPIO_Init
                0x0000000008000720      0x2b4 Drivers/STM32F1xx_HAL_Driver/Src/stm32f1xx_hal_gpio.o
                0x0000000008000720                HAL_GPIO_Init
 .text.HAL_GPIO_WritePin
                0x00000000080009d4       0x30 Drivers/STM32F1xx_HAL_Driver/Src/stm32f1xx_hal_gpio.o
                0x00000000080009d4                HAL_GPIO_WritePin
 .text.HAL_GPIO_TogglePin
                0x0000000008000a04       0x32 Drivers/STM32F1xx_HAL_Driver/Src/stm32f1xx_hal_gpio.o
                0x0000000008000a04                HAL_GPIO_TogglePin
 .text.HAL_PCD_Init
                0x0000000008000a36      0x216 Drivers/STM32F1xx_HAL_Driver/Src/stm32f1xx_hal_pcd.o
                0x0000000008000a36                HAL_PCD_Init
 .text.HAL_PCD_Start
                0x0000000008000c4c       0x4c Drivers/STM32F1xx_HAL_Driver/Src/stm32f1xx_hal_pcd.o
                0x0000000008000c4c                HAL_PCD_Start
 .text.HAL_PCD_IRQHandler
                0x0000000008000c98      0x2aa Drivers/STM32F1xx_HAL_Driver/Src/stm32f1xx_hal_pcd.o
                0x0000000008000c98                HAL_PCD_IRQHandler
 .text.HAL_PCD_SetAddress
                0x0000000008000f42       0x4a Drivers/STM32F1xx_HAL_Driver/Src/stm32f1xx_hal_pcd.o
                0x0000000008000f42                HAL_PCD_SetAddress
 .text.HAL_PCD_EP_Open
                0x0000000008000f8c       0xcc Drivers/STM32F1xx_HAL_Driver/Src/stm32f1xx_hal_pcd.o
                0x0000000008000f8c                HAL_PCD_EP_Open
 .text.HAL_PCD_EP_Close
                0x0000000008001058       0x90 Drivers/STM32F1xx_HAL_Driver/Src/stm32f1xx_hal_pcd.o
                0x0000000008001058                HAL_PCD_EP_Close
 .text.HAL_PCD_EP_Receive
                0x00000000080010e8       0x7a Drivers/STM32F1xx_HAL_Driver/Src/stm32f1xx_hal_pcd.o
                0x00000000080010e8                HAL_PCD_EP_Receive
 .text.HAL_PCD_EP_GetRxCount
                0x0000000008001162       0x2e Drivers/STM32F1xx_HAL_Driver/Src/stm32f1xx_hal_pcd.o
                0x0000000008001162                HAL_PCD_EP_GetRxCount
 .text.HAL_PCD_EP_Transmit
                0x0000000008001190       0x86 Drivers/STM32F1xx_HAL_Driver/Src/stm32f1xx_hal_pcd.o
                0x0000000008001190                HAL_PCD_EP_Transmit
 .text.HAL_PCD_EP_SetStall
                0x0000000008001216       0xc0 Drivers/STM32F1xx_HAL_Driver/Src/stm32f1xx_hal_pcd.o
                0x0000000008001216                HAL_PCD_EP_SetStall
 .text.HAL_PCD_EP_ClrStall
                0x00000000080012d6       0xa8 Drivers/STM32F1xx_HAL_Driver/Src/stm32f1xx_hal_pcd.o
                0x00000000080012d6                HAL_PCD_EP_ClrStall
 .text.PCD_EP_ISR_Handler
                0x000000000800137e      0x5e6 Drivers/STM32F1xx_HAL_Driver/Src/stm32f1xx_hal_pcd.o
 .text.HAL_PCD_EP_DB_Receive
                0x0000000008001964      0x21a Drivers/STM32F1xx_HAL_Driver/Src/stm32f1xx_hal_pcd.o
 .text.HAL_PCD_EP_DB_Transmit
                0x0000000008001b7e      0x53a Drivers/STM32F1xx_HAL_Driver/Src/stm32f1xx_hal_pcd.o
 .text.HAL_PCDEx_PMAConfig
                0x00000000080020b8       0x84 Drivers/STM32F1xx_HAL_Driver/Src/stm32f1xx_hal_pcd_ex.o
                0x00000000080020b8                HAL_PCDEx_PMAConfig
 .text.HAL_RCC_OscConfig
                0x000000000800213c      0x500 Drivers/STM32F1xx_HAL_Driver/Src/stm32f1xx_hal_rcc.o
                0x000000000800213c                HAL_RCC_OscConfig
 .text.HAL_RCC_ClockConfig
                0x000000000800263c      0x1d4 Drivers/STM32F1xx_HAL_Driver/Src/stm32f1xx_hal_rcc.o
                0x000000000800263c                HAL_RCC_ClockConfig
 .text.HAL_RCC_GetSysClockFreq
                0x0000000008002810       0xc4 Drivers/STM32F1xx_HAL_Driver/Src/stm32f1xx_hal_rcc.o
                0x0000000008002810                HAL_RCC_GetSysClockFreq
 .text.RCC_Delay
                0x00000000080028d4       0x3c Drivers/STM32F1xx_HAL_Driver/Src/stm32f1xx_hal_rcc.o
 .text.HAL_RCCEx_PeriphCLKConfig
                0x0000000008002910      0x16c Drivers/STM32F1xx_HAL_Driver/Src/stm32f1xx_hal_rcc_ex.o
                0x0000000008002910                HAL_RCCEx_PeriphCLKConfig
 .text.USB_CoreInit
                0x0000000008002a7c       0x20 Drivers/STM32F1xx_HAL_Driver/Src/stm32f1xx_ll_usb.o
                0x0000000008002a7c                USB_CoreInit
 .text.USB_EnableGlobalInt
                0x0000000008002a9c       0x2c Drivers/STM32F1xx_HAL_Driver/Src/stm32f1xx_ll_usb.o
                0x0000000008002a9c                USB_EnableGlobalInt
 .text.USB_DisableGlobalInt
                0x0000000008002ac8       0x34 Drivers/STM32F1xx_HAL_Driver/Src/stm32f1xx_ll_usb.o
                0x0000000008002ac8                USB_DisableGlobalInt
 .text.USB_SetCurrentMode
                0x0000000008002afc       0x18 Drivers/STM32F1xx_HAL_Driver/Src/stm32f1xx_ll_usb.o
                0x0000000008002afc                USB_SetCurrentMode
 .text.USB_DevInit
                0x0000000008002b14       0x40 Drivers/STM32F1xx_HAL_Driver/Src/stm32f1xx_ll_usb.o
                0x0000000008002b14                USB_DevInit
 .text.USB_ActivateEndpoint
                0x0000000008002b54      0x6d4 Drivers/STM32F1xx_HAL_Driver/Src/stm32f1xx_ll_usb.o
                0x0000000008002b54                USB_ActivateEndpoint
 .text.USB_DeactivateEndpoint
                0x0000000008003228      0x3d8 Drivers/STM32F1xx_HAL_Driver/Src/stm32f1xx_ll_usb.o
                0x0000000008003228                USB_DeactivateEndpoint
 .text.USB_EPStartXfer
                0x0000000008003600     0x1240 Drivers/STM32F1xx_HAL_Driver/Src/stm32f1xx_ll_usb.o
                0x0000000008003600                USB_EPStartXfer
 .text.USB_EPSetStall
                0x0000000008004840       0xa0 Drivers/STM32F1xx_HAL_Driver/Src/stm32f1xx_ll_usb.o
                0x0000000008004840                USB_EPSetStall
 .text.USB_EPClearStall
                0x00000000080048e0      0x15a Drivers/STM32F1xx_HAL_Driver/Src/stm32f1xx_ll_usb.o
                0x00000000080048e0                USB_EPClearStall
 .text.USB_SetDevAddress
                0x0000000008004a3a       0x26 Drivers/STM32F1xx_HAL_Driver/Src/stm32f1xx_ll_usb.o
                0x0000000008004a3a                USB_SetDevAddress
 .text.USB_DevConnect
                0x0000000008004a60       0x14 Drivers/STM32F1xx_HAL_Driver/Src/stm32f1xx_ll_usb.o
                0x0000000008004a60                USB_DevConnect
 .text.USB_DevDisconnect
                0x0000000008004a74       0x14 Drivers/STM32F1xx_HAL_Driver/Src/stm32f1xx_ll_usb.o
                0x0000000008004a74                USB_DevDisconnect
 .text.USB_ReadInterrupts
                0x0000000008004a88       0x1e Drivers/STM32F1xx_HAL_Driver/Src/stm32f1xx_ll_usb.o
                0x0000000008004a88                USB_ReadInterrupts
 .text.USB_EP0_OutStart
                0x0000000008004aa6       0x16 Drivers/STM32F1xx_HAL_Driver/Src/stm32f1xx_ll_usb.o
                0x0000000008004aa6                USB_EP0_OutStart
 .text.USB_WritePMA
                0x0000000008004abc       0x88 Drivers/STM32F1xx_HAL_Driver/Src/stm32f1xx_ll_usb.o
                0x0000000008004abc                USB_WritePMA
 .text.USB_ReadPMA
                0x0000000008004b44       0x9e Drivers/STM32F1xx_HAL_Driver/Src/stm32f1xx_ll_usb.o
                0x0000000008004b44                USB_ReadPMA
 .text.USBD_CDC_Init
                0x0000000008004be2       0xf4 Middlewares/ST/STM32_USB_Device_Library/Class/CDC/Src/usbd_cdc.o
 .text.USBD_CDC_DeInit
                0x0000000008004cd6       0x6e Middlewares/ST/STM32_USB_Device_Library/Class/CDC/Src/usbd_cdc.o
 .text.USBD_CDC_Setup
                0x0000000008004d44      0x140 Middlewares/ST/STM32_USB_Device_Library/Class/CDC/Src/usbd_cdc.o
 .text.USBD_CDC_DataIn
                0x0000000008004e84       0xa6 Middlewares/ST/STM32_USB_Device_Library/Class/CDC/Src/usbd_cdc.o
 .text.USBD_CDC_DataOut
                0x0000000008004f2a       0x56 Middlewares/ST/STM32_USB_Device_Library/Class/CDC/Src/usbd_cdc.o
 .text.USBD_CDC_EP0_RxReady
                0x0000000008004f80       0x50 Middlewares/ST/STM32_USB_Device_Library/Class/CDC/Src/usbd_cdc.o
 .text.USBD_CDC_GetFSCfgDesc
                0x0000000008004fd0       0x20 Middlewares/ST/STM32_USB_Device_Library/Class/CDC/Src/usbd_cdc.o
 .text.USBD_CDC_GetHSCfgDesc
                0x0000000008004ff0       0x20 Middlewares/ST/STM32_USB_Device_Library/Class/CDC/Src/usbd_cdc.o
 .text.USBD_CDC_GetOtherSpeedCfgDesc
                0x0000000008005010       0x20 Middlewares/ST/STM32_USB_Device_Library/Class/CDC/Src/usbd_cdc.o
 .text.USBD_CDC_GetDeviceQualifierDescriptor
                0x0000000008005030       0x20 Middlewares/ST/STM32_USB_Device_Library/Class/CDC/Src/usbd_cdc.o
                0x0000000008005030                USBD_CDC_GetDeviceQualifierDescriptor
 .text.USBD_CDC_RegisterInterface
                0x0000000008005050       0x2c Middlewares/ST/STM32_USB_Device_Library/Class/CDC/Src/usbd_cdc.o
                0x0000000008005050                USBD_CDC_RegisterInterface
 .text.USBD_CDC_SetTxBuffer
                0x000000000800507c       0x32 Middlewares/ST/STM32_USB_Device_Library/Class/CDC/Src/usbd_cdc.o
                0x000000000800507c                USBD_CDC_SetTxBuffer
 .text.USBD_CDC_SetRxBuffer
                0x00000000080050ae       0x26 Middlewares/ST/STM32_USB_Device_Library/Class/CDC/Src/usbd_cdc.o
                0x00000000080050ae                USBD_CDC_SetRxBuffer
 .text.USBD_CDC_TransmitPacket
                0x00000000080050d4       0x5e Middlewares/ST/STM32_USB_Device_Library/Class/CDC/Src/usbd_cdc.o
                0x00000000080050d4                USBD_CDC_TransmitPacket
 .text.USBD_CDC_ReceivePacket
                0x0000000008005132       0x54 Middlewares/ST/STM32_USB_Device_Library/Class/CDC/Src/usbd_cdc.o
                0x0000000008005132                USBD_CDC_ReceivePacket
 .text.USBD_Init
                0x0000000008005186       0x56 Middlewares/ST/STM32_USB_Device_Library/Core/Src/usbd_core.o
                0x0000000008005186                USBD_Init
 .text.USBD_RegisterClass
                0x00000000080051dc       0x32 Middlewares/ST/STM32_USB_Device_Library/Core/Src/usbd_core.o
                0x00000000080051dc                USBD_RegisterClass
 .text.USBD_Start
                0x000000000800520e       0x18 Middlewares/ST/STM32_USB_Device_Library/Core/Src/usbd_core.o
                0x000000000800520e                USBD_Start
 .text.USBD_RunTestMode
                0x0000000008005226       0x14 Middlewares/ST/STM32_USB_Device_Library/Core/Src/usbd_core.o
                0x0000000008005226                USBD_RunTestMode
 .text.USBD_SetClassConfig
                0x000000000800523a       0x3e Middlewares/ST/STM32_USB_Device_Library/Core/Src/usbd_core.o
                0x000000000800523a                USBD_SetClassConfig
 .text.USBD_ClrClassConfig
                0x0000000008005278       0x26 Middlewares/ST/STM32_USB_Device_Library/Core/Src/usbd_core.o
                0x0000000008005278                USBD_ClrClassConfig
 .text.USBD_LL_SetupStage
                0x000000000800529e       0x96 Middlewares/ST/STM32_USB_Device_Library/Core/Src/usbd_core.o
                0x000000000800529e                USBD_LL_SetupStage
 .text.USBD_LL_DataOutStage
                0x0000000008005334       0xe2 Middlewares/ST/STM32_USB_Device_Library/Core/Src/usbd_core.o
                0x0000000008005334                USBD_LL_DataOutStage
 .text.USBD_LL_DataInStage
                0x0000000008005416      0x14a Middlewares/ST/STM32_USB_Device_Library/Core/Src/usbd_core.o
                0x0000000008005416                USBD_LL_DataInStage
 .text.USBD_LL_Reset
                0x0000000008005560       0x82 Middlewares/ST/STM32_USB_Device_Library/Core/Src/usbd_core.o
                0x0000000008005560                USBD_LL_Reset
 .text.USBD_LL_SetSpeed
                0x00000000080055e2       0x1e Middlewares/ST/STM32_USB_Device_Library/Core/Src/usbd_core.o
                0x00000000080055e2                USBD_LL_SetSpeed
 .text.USBD_LL_Suspend
                0x0000000008005600       0x28 Middlewares/ST/STM32_USB_Device_Library/Core/Src/usbd_core.o
                0x0000000008005600                USBD_LL_Suspend
 .text.USBD_LL_Resume
                0x0000000008005628       0x2a Middlewares/ST/STM32_USB_Device_Library/Core/Src/usbd_core.o
                0x0000000008005628                USBD_LL_Resume
 .text.USBD_LL_SOF
                0x0000000008005652       0x34 Middlewares/ST/STM32_USB_Device_Library/Core/Src/usbd_core.o
                0x0000000008005652                USBD_LL_SOF
 *fill*         0x0000000008005686        0x2 
 .text.USBD_StdDevReq
                0x0000000008005688       0xd4 Middlewares/ST/STM32_USB_Device_Library/Core/Src/usbd_ctlreq.o
                0x0000000008005688                USBD_StdDevReq
 .text.USBD_StdItfReq
                0x000000000800575c       0x8c Middlewares/ST/STM32_USB_Device_Library/Core/Src/usbd_ctlreq.o
                0x000000000800575c                USBD_StdItfReq
 .text.USBD_StdEPReq
                0x00000000080057e8      0x2ba Middlewares/ST/STM32_USB_Device_Library/Core/Src/usbd_ctlreq.o
                0x00000000080057e8                USBD_StdEPReq
 *fill*         0x0000000008005aa2        0x2 
 .text.USBD_GetDescriptor
                0x0000000008005aa4      0x2d0 Middlewares/ST/STM32_USB_Device_Library/Core/Src/usbd_ctlreq.o
 .text.USBD_SetAddress
                0x0000000008005d74       0x84 Middlewares/ST/STM32_USB_Device_Library/Core/Src/usbd_ctlreq.o
 .text.USBD_SetConfig
                0x0000000008005df8      0x11c Middlewares/ST/STM32_USB_Device_Library/Core/Src/usbd_ctlreq.o
 .text.USBD_GetConfig
                0x0000000008005f14       0x68 Middlewares/ST/STM32_USB_Device_Library/Core/Src/usbd_ctlreq.o
 .text.USBD_GetStatus
                0x0000000008005f7c       0x66 Middlewares/ST/STM32_USB_Device_Library/Core/Src/usbd_ctlreq.o
 .text.USBD_SetFeature
                0x0000000008005fe2       0x28 Middlewares/ST/STM32_USB_Device_Library/Core/Src/usbd_ctlreq.o
 .text.USBD_ClrFeature
                0x000000000800600a       0x42 Middlewares/ST/STM32_USB_Device_Library/Core/Src/usbd_ctlreq.o
 .text.USBD_ParseSetupRequest
                0x000000000800604c       0x78 Middlewares/ST/STM32_USB_Device_Library/Core/Src/usbd_ctlreq.o
                0x000000000800604c                USBD_ParseSetupRequest
 .text.USBD_CtlError
                0x00000000080060c4       0x22 Middlewares/ST/STM32_USB_Device_Library/Core/Src/usbd_ctlreq.o
                0x00000000080060c4                USBD_CtlError
 .text.USBD_GetString
                0x00000000080060e6       0x84 Middlewares/ST/STM32_USB_Device_Library/Core/Src/usbd_ctlreq.o
                0x00000000080060e6                USBD_GetString
 .text.USBD_GetLen
                0x000000000800616a       0x2e Middlewares/ST/STM32_USB_Device_Library/Core/Src/usbd_ctlreq.o
 .text.USBD_CtlSendData
                0x0000000008006198       0x38 Middlewares/ST/STM32_USB_Device_Library/Core/Src/usbd_ioreq.o
                0x0000000008006198                USBD_CtlSendData
 .text.USBD_CtlContinueSendData
                0x00000000080061d0       0x24 Middlewares/ST/STM32_USB_Device_Library/Core/Src/usbd_ioreq.o
                0x00000000080061d0                USBD_CtlContinueSendData
 .text.USBD_CtlPrepareRx
                0x00000000080061f4       0x3c Middlewares/ST/STM32_USB_Device_Library/Core/Src/usbd_ioreq.o
                0x00000000080061f4                USBD_CtlPrepareRx
 .text.USBD_CtlContinueRx
                0x0000000008006230       0x24 Middlewares/ST/STM32_USB_Device_Library/Core/Src/usbd_ioreq.o
                0x0000000008006230                USBD_CtlContinueRx
 .text.USBD_CtlSendStatus
                0x0000000008006254       0x26 Middlewares/ST/STM32_USB_Device_Library/Core/Src/usbd_ioreq.o
                0x0000000008006254                USBD_CtlSendStatus
 .text.USBD_CtlReceiveStatus
                0x000000000800627a       0x26 Middlewares/ST/STM32_USB_Device_Library/Core/Src/usbd_ioreq.o
                0x000000000800627a                USBD_CtlReceiveStatus
 .text.MX_USB_DEVICE_Init
                0x00000000080062a0       0x60 USB_DEVICE/App/usb_device.o
                0x00000000080062a0                MX_USB_DEVICE_Init
 .text.CDC_Init_FS
                0x0000000008006300       0x28 USB_DEVICE/App/usbd_cdc_if.o
 .text.CDC_DeInit_FS
                0x0000000008006328        0xe USB_DEVICE/App/usbd_cdc_if.o
 *fill*         0x0000000008006336        0x2 
 .text.CDC_Control_FS
                0x0000000008006338       0xbc USB_DEVICE/App/usbd_cdc_if.o
 .text.CDC_Receive_FS
                0x00000000080063f4       0x28 USB_DEVICE/App/usbd_cdc_if.o
 .text.CDC_Transmit_FS
                0x000000000800641c       0x4c USB_DEVICE/App/usbd_cdc_if.o
                0x000000000800641c                CDC_Transmit_FS
 .text.USBD_FS_DeviceDescriptor
                0x0000000008006468       0x24 USB_DEVICE/App/usbd_desc.o
                0x0000000008006468                USBD_FS_DeviceDescriptor
 .text.USBD_FS_LangIDStrDescriptor
                0x000000000800648c       0x24 USB_DEVICE/App/usbd_desc.o
                0x000000000800648c                USBD_FS_LangIDStrDescriptor
 .text.USBD_FS_ProductStrDescriptor
                0x00000000080064b0       0x3c USB_DEVICE/App/usbd_desc.o
                0x00000000080064b0                USBD_FS_ProductStrDescriptor
 .text.USBD_FS_ManufacturerStrDescriptor
                0x00000000080064ec       0x28 USB_DEVICE/App/usbd_desc.o
                0x00000000080064ec                USBD_FS_ManufacturerStrDescriptor
 .text.USBD_FS_SerialStrDescriptor
                0x0000000008006514       0x24 USB_DEVICE/App/usbd_desc.o
                0x0000000008006514                USBD_FS_SerialStrDescriptor
 .text.USBD_FS_ConfigStrDescriptor
                0x0000000008006538       0x3c USB_DEVICE/App/usbd_desc.o
                0x0000000008006538                USBD_FS_ConfigStrDescriptor
 .text.USBD_FS_InterfaceStrDescriptor
                0x0000000008006574       0x3c USB_DEVICE/App/usbd_desc.o
                0x0000000008006574                USBD_FS_InterfaceStrDescriptor
 .text.Get_SerialNum
                0x00000000080065b0       0x58 USB_DEVICE/App/usbd_desc.o
 .text.IntToUnicode
                0x0000000008006608       0x7a USB_DEVICE/App/usbd_desc.o
 *fill*         0x0000000008006682        0x2 
 .text.HAL_PCD_MspInit
                0x0000000008006684       0x4c USB_DEVICE/Target/usbd_conf.o
                0x0000000008006684                HAL_PCD_MspInit
 .text.HAL_PCD_SetupStageCallback
                0x00000000080066d0       0x24 USB_DEVICE/Target/usbd_conf.o
                0x00000000080066d0                HAL_PCD_SetupStageCallback
 .text.HAL_PCD_DataOutStageCallback
                0x00000000080066f4       0x36 USB_DEVICE/Target/usbd_conf.o
                0x00000000080066f4                HAL_PCD_DataOutStageCallback
 .text.HAL_PCD_DataInStageCallback
                0x000000000800672a       0x34 USB_DEVICE/Target/usbd_conf.o
                0x000000000800672a                HAL_PCD_DataInStageCallback
 .text.HAL_PCD_SOFCallback
                0x000000000800675e       0x1c USB_DEVICE/Target/usbd_conf.o
                0x000000000800675e                HAL_PCD_SOFCallback
 .text.HAL_PCD_ResetCallback
                0x000000000800677a       0x3c USB_DEVICE/Target/usbd_conf.o
                0x000000000800677a                HAL_PCD_ResetCallback
 *fill*         0x00000000080067b6        0x2 
 .text.HAL_PCD_SuspendCallback
                0x00000000080067b8       0x34 USB_DEVICE/Target/usbd_conf.o
                0x00000000080067b8                HAL_PCD_SuspendCallback
 .text.HAL_PCD_ResumeCallback
                0x00000000080067ec       0x1c USB_DEVICE/Target/usbd_conf.o
                0x00000000080067ec                HAL_PCD_ResumeCallback
 .text.USBD_LL_Init
                0x0000000008006808       0xb4 USB_DEVICE/Target/usbd_conf.o
                0x0000000008006808                USBD_LL_Init
 .text.USBD_LL_Start
                0x00000000080068bc       0x36 USB_DEVICE/Target/usbd_conf.o
                0x00000000080068bc                USBD_LL_Start
 .text.USBD_LL_OpenEP
                0x00000000080068f2       0x4c USB_DEVICE/Target/usbd_conf.o
                0x00000000080068f2                USBD_LL_OpenEP
 .text.USBD_LL_CloseEP
                0x000000000800693e       0x3e USB_DEVICE/Target/usbd_conf.o
                0x000000000800693e                USBD_LL_CloseEP
 .text.USBD_LL_StallEP
                0x000000000800697c       0x3e USB_DEVICE/Target/usbd_conf.o
                0x000000000800697c                USBD_LL_StallEP
 .text.USBD_LL_ClearStallEP
                0x00000000080069ba       0x3e USB_DEVICE/Target/usbd_conf.o
                0x00000000080069ba                USBD_LL_ClearStallEP
 .text.USBD_LL_IsStallEP
                0x00000000080069f8       0x58 USB_DEVICE/Target/usbd_conf.o
                0x00000000080069f8                USBD_LL_IsStallEP
 .text.USBD_LL_SetUSBAddress
                0x0000000008006a50       0x3e USB_DEVICE/Target/usbd_conf.o
                0x0000000008006a50                USBD_LL_SetUSBAddress
 .text.USBD_LL_Transmit
                0x0000000008006a8e       0x46 USB_DEVICE/Target/usbd_conf.o
                0x0000000008006a8e                USBD_LL_Transmit
 .text.USBD_LL_PrepareReceive
                0x0000000008006ad4       0x46 USB_DEVICE/Target/usbd_conf.o
                0x0000000008006ad4                USBD_LL_PrepareReceive
 .text.USBD_LL_GetRxDataSize
                0x0000000008006b1a       0x26 USB_DEVICE/Target/usbd_conf.o
                0x0000000008006b1a                USBD_LL_GetRxDataSize
 .text.USBD_static_malloc
                0x0000000008006b40       0x18 USB_DEVICE/Target/usbd_conf.o
                0x0000000008006b40                USBD_static_malloc
 .text.USBD_static_free
                0x0000000008006b58       0x12 USB_DEVICE/Target/usbd_conf.o
                0x0000000008006b58                USBD_static_free
 .text.HAL_PCDEx_SetConnectionState
                0x0000000008006b6a       0x16 USB_DEVICE/Target/usbd_conf.o
                0x0000000008006b6a                HAL_PCDEx_SetConnectionState
 .text.USBD_Get_USB_Status
                0x0000000008006b80       0x58 USB_DEVICE/Target/usbd_conf.o
 .text.__libc_init_array
                0x0000000008006bd8       0x48 /opt/st/stm32cubeide_1.5.1/plugins/com.st.stm32cube.ide.mcu.externaltools.gnu-tools-for-stm32.7-2018-q2-update.linux64_1.5.0.202011040924/tools/bin/../lib/gcc/arm-none-eabi/7.3.1/../../../../arm-none-eabi/lib/thumb/v7-m/libc_nano.a(lib_a-init.o)
                0x0000000008006bd8                __libc_init_array
 .text.memset   0x0000000008006c20       0x10 /opt/st/stm32cubeide_1.5.1/plugins/com.st.stm32cube.ide.mcu.externaltools.gnu-tools-for-stm32.7-2018-q2-update.linux64_1.5.0.202011040924/tools/bin/../lib/gcc/arm-none-eabi/7.3.1/../../../../arm-none-eabi/lib/thumb/v7-m/libc_nano.a(lib_a-memset.o)
                0x0000000008006c20                memset
 *(.glue_7)
 .glue_7        0x0000000008006c30        0x0 linker stubs
 *(.glue_7t)
 .glue_7t       0x0000000008006c30        0x0 linker stubs
 *(.eh_frame)
 .eh_frame      0x0000000008006c30        0x0 /opt/st/stm32cubeide_1.5.1/plugins/com.st.stm32cube.ide.mcu.externaltools.gnu-tools-for-stm32.7-2018-q2-update.linux64_1.5.0.202011040924/tools/bin/../lib/gcc/arm-none-eabi/7.3.1/thumb/v7-m/crtbegin.o
 *(.init)
 .init          0x0000000008006c30        0x4 /opt/st/stm32cubeide_1.5.1/plugins/com.st.stm32cube.ide.mcu.externaltools.gnu-tools-for-stm32.7-2018-q2-update.linux64_1.5.0.202011040924/tools/bin/../lib/gcc/arm-none-eabi/7.3.1/thumb/v7-m/crti.o
                0x0000000008006c30                _init
 .init          0x0000000008006c34        0x8 /opt/st/stm32cubeide_1.5.1/plugins/com.st.stm32cube.ide.mcu.externaltools.gnu-tools-for-stm32.7-2018-q2-update.linux64_1.5.0.202011040924/tools/bin/../lib/gcc/arm-none-eabi/7.3.1/thumb/v7-m/crtn.o
 *(.fini)
 .fini          0x0000000008006c3c        0x4 /opt/st/stm32cubeide_1.5.1/plugins/com.st.stm32cube.ide.mcu.externaltools.gnu-tools-for-stm32.7-2018-q2-update.linux64_1.5.0.202011040924/tools/bin/../lib/gcc/arm-none-eabi/7.3.1/thumb/v7-m/crti.o
                0x0000000008006c3c                _fini
 .fini          0x0000000008006c40        0x8 /opt/st/stm32cubeide_1.5.1/plugins/com.st.stm32cube.ide.mcu.externaltools.gnu-tools-for-stm32.7-2018-q2-update.linux64_1.5.0.202011040924/tools/bin/../lib/gcc/arm-none-eabi/7.3.1/thumb/v7-m/crtn.o
                0x0000000008006c48                . = ALIGN (0x4)
                0x0000000008006c48                _etext = .

.vfp11_veneer   0x0000000008006c48        0x0
 .vfp11_veneer  0x0000000008006c48        0x0 linker stubs

.v4_bx          0x0000000008006c48        0x0
 .v4_bx         0x0000000008006c48        0x0 linker stubs

.iplt           0x0000000008006c48        0x0
 .iplt          0x0000000008006c48        0x0 /opt/st/stm32cubeide_1.5.1/plugins/com.st.stm32cube.ide.mcu.externaltools.gnu-tools-for-stm32.7-2018-q2-update.linux64_1.5.0.202011040924/tools/bin/../lib/gcc/arm-none-eabi/7.3.1/thumb/v7-m/crtbegin.o

.rodata         0x0000000008006c48       0x7c
                0x0000000008006c48                . = ALIGN (0x4)
 *(.rodata)
 .rodata        0x0000000008006c48        0xe Core/Src/main.o
 *fill*         0x0000000008006c56        0x2 
 .rodata        0x0000000008006c58       0x12 Drivers/STM32F1xx_HAL_Driver/Src/stm32f1xx_hal_rcc.o
 *fill*         0x0000000008006c6a        0x2 
 .rodata        0x0000000008006c6c       0x46 USB_DEVICE/App/usbd_desc.o
 *(.rodata*)
 *fill*         0x0000000008006cb2        0x2 
 .rodata.AHBPrescTable
                0x0000000008006cb4       0x10 Core/Src/system_stm32f1xx.o
                0x0000000008006cb4                AHBPrescTable
                0x0000000008006cc4                . = ALIGN (0x4)

.rel.dyn        0x0000000008006cc4        0x0
 .rel.iplt      0x0000000008006cc4        0x0 /opt/st/stm32cubeide_1.5.1/plugins/com.st.stm32cube.ide.mcu.externaltools.gnu-tools-for-stm32.7-2018-q2-update.linux64_1.5.0.202011040924/tools/bin/../lib/gcc/arm-none-eabi/7.3.1/thumb/v7-m/crtbegin.o

.ARM.extab      0x0000000008006cc4        0x0
                0x0000000008006cc4                . = ALIGN (0x4)
 *(.ARM.extab* .gnu.linkonce.armextab.*)
                0x0000000008006cc4                . = ALIGN (0x4)

.ARM            0x0000000008006cc4        0x0
                0x0000000008006cc4                . = ALIGN (0x4)
                0x0000000008006cc4                __exidx_start = .
 *(.ARM.exidx*)
                0x0000000008006cc4                __exidx_end = .
                0x0000000008006cc4                . = ALIGN (0x4)

.preinit_array  0x0000000008006cc4        0x0
                0x0000000008006cc4                . = ALIGN (0x4)
                0x0000000008006cc4                PROVIDE (__preinit_array_start = .)
 *(.preinit_array*)
                0x0000000008006cc4                PROVIDE (__preinit_array_end = .)
                0x0000000008006cc4                . = ALIGN (0x4)

.init_array     0x0000000008006cc4        0x4
                0x0000000008006cc4                . = ALIGN (0x4)
                0x0000000008006cc4                PROVIDE (__init_array_start = .)
 *(SORT_BY_NAME(.init_array.*))
 *(.init_array*)
 .init_array    0x0000000008006cc4        0x4 /opt/st/stm32cubeide_1.5.1/plugins/com.st.stm32cube.ide.mcu.externaltools.gnu-tools-for-stm32.7-2018-q2-update.linux64_1.5.0.202011040924/tools/bin/../lib/gcc/arm-none-eabi/7.3.1/thumb/v7-m/crtbegin.o
                0x0000000008006cc8                PROVIDE (__init_array_end = .)
                0x0000000008006cc8                . = ALIGN (0x4)

.fini_array     0x0000000008006cc8        0x4
                0x0000000008006cc8                . = ALIGN (0x4)
                [!provide]                        PROVIDE (__fini_array_start = .)
 *(SORT_BY_NAME(.fini_array.*))
 *(.fini_array*)
 .fini_array    0x0000000008006cc8        0x4 /opt/st/stm32cubeide_1.5.1/plugins/com.st.stm32cube.ide.mcu.externaltools.gnu-tools-for-stm32.7-2018-q2-update.linux64_1.5.0.202011040924/tools/bin/../lib/gcc/arm-none-eabi/7.3.1/thumb/v7-m/crtbegin.o
                [!provide]                        PROVIDE (__fini_array_end = .)
                0x0000000008006ccc                . = ALIGN (0x4)
                0x0000000008006ccc                _sidata = LOADADDR (.data)

.data           0x0000000020000000      0x17c load address 0x0000000008006ccc
                0x0000000020000000                . = ALIGN (0x4)
                0x0000000020000000                _sdata = .
 *(.data)
 *(.data*)
 .data.SystemCoreClock
                0x0000000020000000        0x4 Core/Src/system_stm32f1xx.o
                0x0000000020000000                SystemCoreClock
 .data.uwTickPrio
                0x0000000020000004        0x4 Drivers/STM32F1xx_HAL_Driver/Src/stm32f1xx_hal.o
                0x0000000020000004                uwTickPrio
 .data.uwTickFreq
                0x0000000020000008        0x1 Drivers/STM32F1xx_HAL_Driver/Src/stm32f1xx_hal.o
                0x0000000020000008                uwTickFreq
 *fill*         0x0000000020000009        0x3 
 .data.USBD_CDC_DeviceQualifierDesc
                0x000000002000000c        0xa Middlewares/ST/STM32_USB_Device_Library/Class/CDC/Src/usbd_cdc.o
 *fill*         0x0000000020000016        0x2 
 .data.USBD_CDC
                0x0000000020000018       0x38 Middlewares/ST/STM32_USB_Device_Library/Class/CDC/Src/usbd_cdc.o
                0x0000000020000018                USBD_CDC
 .data.USBD_CDC_CfgHSDesc
                0x0000000020000050       0x43 Middlewares/ST/STM32_USB_Device_Library/Class/CDC/Src/usbd_cdc.o
                0x0000000020000050                USBD_CDC_CfgHSDesc
 *fill*         0x0000000020000093        0x1 
 .data.USBD_CDC_CfgFSDesc
                0x0000000020000094       0x43 Middlewares/ST/STM32_USB_Device_Library/Class/CDC/Src/usbd_cdc.o
                0x0000000020000094                USBD_CDC_CfgFSDesc
 *fill*         0x00000000200000d7        0x1 
 .data.USBD_CDC_OtherSpeedCfgDesc
                0x00000000200000d8       0x43 Middlewares/ST/STM32_USB_Device_Library/Class/CDC/Src/usbd_cdc.o
                0x00000000200000d8                USBD_CDC_OtherSpeedCfgDesc
 *fill*         0x000000002000011b        0x1 
 .data.USBD_Interface_fops_FS
                0x000000002000011c       0x10 USB_DEVICE/App/usbd_cdc_if.o
                0x000000002000011c                USBD_Interface_fops_FS
 .data.FS_Desc  0x000000002000012c       0x1c USB_DEVICE/App/usbd_desc.o
                0x000000002000012c                FS_Desc
 .data.USBD_FS_DeviceDesc
                0x0000000020000148       0x12 USB_DEVICE/App/usbd_desc.o
                0x0000000020000148                USBD_FS_DeviceDesc
 *fill*         0x000000002000015a        0x2 
 .data.USBD_LangIDDesc
                0x000000002000015c        0x4 USB_DEVICE/App/usbd_desc.o
                0x000000002000015c                USBD_LangIDDesc
 .data.USBD_StringSerial
                0x0000000020000160       0x1a USB_DEVICE/App/usbd_desc.o
                0x0000000020000160                USBD_StringSerial
 *(.RamFunc)
 *(.RamFunc*)
                0x000000002000017c                . = ALIGN (0x4)
 *fill*         0x000000002000017a        0x2 
                0x000000002000017c                _edata = .

.igot.plt       0x000000002000017c        0x0 load address 0x0000000008006e48
 .igot.plt      0x000000002000017c        0x0 /opt/st/stm32cubeide_1.5.1/plugins/com.st.stm32cube.ide.mcu.externaltools.gnu-tools-for-stm32.7-2018-q2-update.linux64_1.5.0.202011040924/tools/bin/../lib/gcc/arm-none-eabi/7.3.1/thumb/v7-m/crtbegin.o
                0x000000002000017c                . = ALIGN (0x4)

.bss            0x000000002000017c     0x11c4 load address 0x0000000008006e48
                0x000000002000017c                _sbss = .
                0x000000002000017c                __bss_start__ = _sbss
 *(.bss)
 .bss           0x000000002000017c       0x1c /opt/st/stm32cubeide_1.5.1/plugins/com.st.stm32cube.ide.mcu.externaltools.gnu-tools-for-stm32.7-2018-q2-update.linux64_1.5.0.202011040924/tools/bin/../lib/gcc/arm-none-eabi/7.3.1/thumb/v7-m/crtbegin.o
 *(.bss*)
 .bss.cfgidx.7629
                0x0000000020000198        0x1 Middlewares/ST/STM32_USB_Device_Library/Core/Src/usbd_ctlreq.o
 *fill*         0x0000000020000199        0x3 
 .bss.mem.7697  0x000000002000019c      0x220 USB_DEVICE/Target/usbd_conf.o
 *(COMMON)
 COMMON         0x00000000200003bc        0x4 Drivers/STM32F1xx_HAL_Driver/Src/stm32f1xx_hal.o
                0x00000000200003bc                uwTick
 COMMON         0x00000000200003c0      0x2c4 USB_DEVICE/App/usb_device.o
                0x00000000200003c0                hUsbDeviceFS
 COMMON         0x0000000020000684      0x7d0 USB_DEVICE/App/usbd_cdc_if.o
                0x0000000020000684                UserRxBufferFS
                0x0000000020000a6c                UserTxBufferFS
 COMMON         0x0000000020000e54      0x200 USB_DEVICE/App/usbd_desc.o
                0x0000000020000e54                USBD_StrDesc
 COMMON         0x0000000020001054      0x2ec USB_DEVICE/Target/usbd_conf.o
                0x0000000020001054                hpcd_USB_FS
                0x0000000020001340                . = ALIGN (0x4)
                0x0000000020001340                _ebss = .
                0x0000000020001340                __bss_end__ = _ebss

._user_heap_stack
                0x0000000020001340      0x600 load address 0x0000000008006e48
                0x0000000020001340                . = ALIGN (0x8)
                [!provide]                        PROVIDE (end = .)
                0x0000000020001340                PROVIDE (_end = .)
                0x0000000020001540                . = (. + _Min_Heap_Size)
 *fill*         0x0000000020001340      0x200 
                0x0000000020001940                . = (. + _Min_Stack_Size)
 *fill*         0x0000000020001540      0x400 
                0x0000000020001940                . = ALIGN (0x8)

/DISCARD/
 libc.a(*)
 libm.a(*)
 libgcc.a(*)

.ARM.attributes
                0x0000000000000000       0x29
 *(.ARM.attributes)
 .ARM.attributes
                0x0000000000000000       0x1d /opt/st/stm32cubeide_1.5.1/plugins/com.st.stm32cube.ide.mcu.externaltools.gnu-tools-for-stm32.7-2018-q2-update.linux64_1.5.0.202011040924/tools/bin/../lib/gcc/arm-none-eabi/7.3.1/thumb/v7-m/crti.o
 .ARM.attributes
                0x000000000000001d       0x2d /opt/st/stm32cubeide_1.5.1/plugins/com.st.stm32cube.ide.mcu.externaltools.gnu-tools-for-stm32.7-2018-q2-update.linux64_1.5.0.202011040924/tools/bin/../lib/gcc/arm-none-eabi/7.3.1/thumb/v7-m/crtbegin.o
 .ARM.attributes
                0x000000000000004a       0x33 Core/Src/main.o
 .ARM.attributes
                0x000000000000007d       0x33 Core/Src/stm32f1xx_hal_msp.o
 .ARM.attributes
                0x00000000000000b0       0x33 Core/Src/stm32f1xx_it.o
 .ARM.attributes
                0x00000000000000e3       0x33 Core/Src/system_stm32f1xx.o
 .ARM.attributes
                0x0000000000000116       0x21 Core/Startup/startup_stm32f103c8tx.o
 .ARM.attributes
                0x0000000000000137       0x33 Drivers/STM32F1xx_HAL_Driver/Src/stm32f1xx_hal.o
 .ARM.attributes
                0x000000000000016a       0x33 Drivers/STM32F1xx_HAL_Driver/Src/stm32f1xx_hal_cortex.o
 .ARM.attributes
                0x000000000000019d       0x33 Drivers/STM32F1xx_HAL_Driver/Src/stm32f1xx_hal_gpio.o
 .ARM.attributes
                0x00000000000001d0       0x33 Drivers/STM32F1xx_HAL_Driver/Src/stm32f1xx_hal_pcd.o
 .ARM.attributes
                0x0000000000000203       0x33 Drivers/STM32F1xx_HAL_Driver/Src/stm32f1xx_hal_pcd_ex.o
 .ARM.attributes
                0x0000000000000236       0x33 Drivers/STM32F1xx_HAL_Driver/Src/stm32f1xx_hal_rcc.o
 .ARM.attributes
                0x0000000000000269       0x33 Drivers/STM32F1xx_HAL_Driver/Src/stm32f1xx_hal_rcc_ex.o
 .ARM.attributes
                0x000000000000029c       0x33 Drivers/STM32F1xx_HAL_Driver/Src/stm32f1xx_ll_usb.o
 .ARM.attributes
                0x00000000000002cf       0x33 Middlewares/ST/STM32_USB_Device_Library/Class/CDC/Src/usbd_cdc.o
 .ARM.attributes
                0x0000000000000302       0x33 Middlewares/ST/STM32_USB_Device_Library/Core/Src/usbd_core.o
 .ARM.attributes
                0x0000000000000335       0x33 Middlewares/ST/STM32_USB_Device_Library/Core/Src/usbd_ctlreq.o
 .ARM.attributes
                0x0000000000000368       0x33 Middlewares/ST/STM32_USB_Device_Library/Core/Src/usbd_ioreq.o
 .ARM.attributes
                0x000000000000039b       0x33 USB_DEVICE/App/usb_device.o
 .ARM.attributes
                0x00000000000003ce       0x33 USB_DEVICE/App/usbd_cdc_if.o
 .ARM.attributes
                0x0000000000000401       0x33 USB_DEVICE/App/usbd_desc.o
 .ARM.attributes
                0x0000000000000434       0x33 USB_DEVICE/Target/usbd_conf.o
 .ARM.attributes
                0x0000000000000467       0x2d /opt/st/stm32cubeide_1.5.1/plugins/com.st.stm32cube.ide.mcu.externaltools.gnu-tools-for-stm32.7-2018-q2-update.linux64_1.5.0.202011040924/tools/bin/../lib/gcc/arm-none-eabi/7.3.1/../../../../arm-none-eabi/lib/thumb/v7-m/libc_nano.a(lib_a-init.o)
 .ARM.attributes
                0x0000000000000494       0x2d /opt/st/stm32cubeide_1.5.1/plugins/com.st.stm32cube.ide.mcu.externaltools.gnu-tools-for-stm32.7-2018-q2-update.linux64_1.5.0.202011040924/tools/bin/../lib/gcc/arm-none-eabi/7.3.1/../../../../arm-none-eabi/lib/thumb/v7-m/libc_nano.a(lib_a-memset.o)
 .ARM.attributes
                0x00000000000004c1       0x1d /opt/st/stm32cubeide_1.5.1/plugins/com.st.stm32cube.ide.mcu.externaltools.gnu-tools-for-stm32.7-2018-q2-update.linux64_1.5.0.202011040924/tools/bin/../lib/gcc/arm-none-eabi/7.3.1/thumb/v7-m/crtn.o
OUTPUT(stm32f103c8_serial-monitor.elf elf32-littlearm)

.debug_info     0x0000000000000000    0x10431
 .debug_info    0x0000000000000000      0xd8c Core/Src/main.o
 .debug_info    0x0000000000000d8c      0x2d6 Core/Src/stm32f1xx_hal_msp.o
 .debug_info    0x0000000000001062      0x6a6 Core/Src/stm32f1xx_it.o
 .debug_info    0x0000000000001708      0x29a Core/Src/system_stm32f1xx.o
 .debug_info    0x00000000000019a2       0x22 Core/Startup/startup_stm32f103c8tx.o
 .debug_info    0x00000000000019c4      0x714 Drivers/STM32F1xx_HAL_Driver/Src/stm32f1xx_hal.o
 .debug_info    0x00000000000020d8      0xb51 Drivers/STM32F1xx_HAL_Driver/Src/stm32f1xx_hal_cortex.o
 .debug_info    0x0000000000002c29      0x69b Drivers/STM32F1xx_HAL_Driver/Src/stm32f1xx_hal_gpio.o
 .debug_info    0x00000000000032c4     0x122f Drivers/STM32F1xx_HAL_Driver/Src/stm32f1xx_hal_pcd.o
 .debug_info    0x00000000000044f3      0x785 Drivers/STM32F1xx_HAL_Driver/Src/stm32f1xx_hal_pcd_ex.o
 .debug_info    0x0000000000004c78      0x80f Drivers/STM32F1xx_HAL_Driver/Src/stm32f1xx_hal_rcc.o
 .debug_info    0x0000000000005487      0x444 Drivers/STM32F1xx_HAL_Driver/Src/stm32f1xx_hal_rcc_ex.o
 .debug_info    0x00000000000058cb     0x17e7 Drivers/STM32F1xx_HAL_Driver/Src/stm32f1xx_ll_usb.o
 .debug_info    0x00000000000070b2     0x17b6 Middlewares/ST/STM32_USB_Device_Library/Class/CDC/Src/usbd_cdc.o
 .debug_info    0x0000000000008868     0x11d2 Middlewares/ST/STM32_USB_Device_Library/Core/Src/usbd_core.o
 .debug_info    0x0000000000009a3a     0x1142 Middlewares/ST/STM32_USB_Device_Library/Core/Src/usbd_ctlreq.o
 .debug_info    0x000000000000ab7c      0xf33 Middlewares/ST/STM32_USB_Device_Library/Core/Src/usbd_ioreq.o
 .debug_info    0x000000000000baaf      0xe7b USB_DEVICE/App/usb_device.o
 .debug_info    0x000000000000c92a     0x1036 USB_DEVICE/App/usbd_cdc_if.o
 .debug_info    0x000000000000d960      0xd17 USB_DEVICE/App/usbd_desc.o
 .debug_info    0x000000000000e677     0x1dba USB_DEVICE/Target/usbd_conf.o

.debug_abbrev   0x0000000000000000     0x2917
 .debug_abbrev  0x0000000000000000      0x249 Core/Src/main.o
 .debug_abbrev  0x0000000000000249      0x109 Core/Src/stm32f1xx_hal_msp.o
 .debug_abbrev  0x0000000000000352      0x155 Core/Src/stm32f1xx_it.o
 .debug_abbrev  0x00000000000004a7      0x134 Core/Src/system_stm32f1xx.o
 .debug_abbrev  0x00000000000005db       0x12 Core/Startup/startup_stm32f103c8tx.o
 .debug_abbrev  0x00000000000005ed      0x1c7 Drivers/STM32F1xx_HAL_Driver/Src/stm32f1xx_hal.o
 .debug_abbrev  0x00000000000007b4      0x2d5 Drivers/STM32F1xx_HAL_Driver/Src/stm32f1xx_hal_cortex.o
 .debug_abbrev  0x0000000000000a89      0x1c0 Drivers/STM32F1xx_HAL_Driver/Src/stm32f1xx_hal_gpio.o
 .debug_abbrev  0x0000000000000c49      0x268 Drivers/STM32F1xx_HAL_Driver/Src/stm32f1xx_hal_pcd.o
 .debug_abbrev  0x0000000000000eb1      0x188 Drivers/STM32F1xx_HAL_Driver/Src/stm32f1xx_hal_pcd_ex.o
 .debug_abbrev  0x0000000000001039      0x243 Drivers/STM32F1xx_HAL_Driver/Src/stm32f1xx_hal_rcc.o
 .debug_abbrev  0x000000000000127c      0x175 Drivers/STM32F1xx_HAL_Driver/Src/stm32f1xx_hal_rcc_ex.o
 .debug_abbrev  0x00000000000013f1      0x1d2 Drivers/STM32F1xx_HAL_Driver/Src/stm32f1xx_ll_usb.o
 .debug_abbrev  0x00000000000015c3      0x2b6 Middlewares/ST/STM32_USB_Device_Library/Class/CDC/Src/usbd_cdc.o
 .debug_abbrev  0x0000000000001879      0x270 Middlewares/ST/STM32_USB_Device_Library/Core/Src/usbd_core.o
 .debug_abbrev  0x0000000000001ae9      0x2a0 Middlewares/ST/STM32_USB_Device_Library/Core/Src/usbd_ctlreq.o
 .debug_abbrev  0x0000000000001d89      0x1e0 Middlewares/ST/STM32_USB_Device_Library/Core/Src/usbd_ioreq.o
 .debug_abbrev  0x0000000000001f69      0x1be USB_DEVICE/App/usb_device.o
 .debug_abbrev  0x0000000000002127      0x285 USB_DEVICE/App/usbd_cdc_if.o
 .debug_abbrev  0x00000000000023ac      0x290 USB_DEVICE/App/usbd_desc.o
 .debug_abbrev  0x000000000000263c      0x2db USB_DEVICE/Target/usbd_conf.o

.debug_aranges  0x0000000000000000      0xa60
 .debug_aranges
                0x0000000000000000       0x38 Core/Src/main.o
 .debug_aranges
                0x0000000000000038       0x20 Core/Src/stm32f1xx_hal_msp.o
 .debug_aranges
                0x0000000000000058       0x68 Core/Src/stm32f1xx_it.o
 .debug_aranges
                0x00000000000000c0       0x28 Core/Src/system_stm32f1xx.o
 .debug_aranges
                0x00000000000000e8       0x28 Core/Startup/startup_stm32f103c8tx.o
 .debug_aranges
                0x0000000000000110       0xe0 Drivers/STM32F1xx_HAL_Driver/Src/stm32f1xx_hal.o
 .debug_aranges
                0x00000000000001f0      0x100 Drivers/STM32F1xx_HAL_Driver/Src/stm32f1xx_hal_cortex.o
 .debug_aranges
                0x00000000000002f0       0x58 Drivers/STM32F1xx_HAL_Driver/Src/stm32f1xx_hal_gpio.o
 .debug_aranges
                0x0000000000000348      0x138 Drivers/STM32F1xx_HAL_Driver/Src/stm32f1xx_hal_pcd.o
 .debug_aranges
                0x0000000000000480       0x38 Drivers/STM32F1xx_HAL_Driver/Src/stm32f1xx_hal_pcd_ex.o
 .debug_aranges
                0x00000000000004b8       0x90 Drivers/STM32F1xx_HAL_Driver/Src/stm32f1xx_hal_rcc.o
 .debug_aranges
                0x0000000000000548       0x30 Drivers/STM32F1xx_HAL_Driver/Src/stm32f1xx_hal_rcc_ex.o
 .debug_aranges
                0x0000000000000578       0xf0 Drivers/STM32F1xx_HAL_Driver/Src/stm32f1xx_ll_usb.o
 .debug_aranges
                0x0000000000000668       0x90 Middlewares/ST/STM32_USB_Device_Library/Class/CDC/Src/usbd_cdc.o
 .debug_aranges
                0x00000000000006f8       0xb8 Middlewares/ST/STM32_USB_Device_Library/Core/Src/usbd_core.o
 .debug_aranges
                0x00000000000007b0       0x88 Middlewares/ST/STM32_USB_Device_Library/Core/Src/usbd_ctlreq.o
 .debug_aranges
                0x0000000000000838       0x50 Middlewares/ST/STM32_USB_Device_Library/Core/Src/usbd_ioreq.o
 .debug_aranges
                0x0000000000000888       0x20 USB_DEVICE/App/usb_device.o
 .debug_aranges
                0x00000000000008a8       0x40 USB_DEVICE/App/usbd_cdc_if.o
 .debug_aranges
                0x00000000000008e8       0x60 USB_DEVICE/App/usbd_desc.o
 .debug_aranges
                0x0000000000000948      0x118 USB_DEVICE/Target/usbd_conf.o

.debug_ranges   0x0000000000000000      0x918
 .debug_ranges  0x0000000000000000       0x28 Core/Src/main.o
 .debug_ranges  0x0000000000000028       0x10 Core/Src/stm32f1xx_hal_msp.o
 .debug_ranges  0x0000000000000038       0x58 Core/Src/stm32f1xx_it.o
 .debug_ranges  0x0000000000000090       0x18 Core/Src/system_stm32f1xx.o
 .debug_ranges  0x00000000000000a8       0x20 Core/Startup/startup_stm32f103c8tx.o
 .debug_ranges  0x00000000000000c8       0xd0 Drivers/STM32F1xx_HAL_Driver/Src/stm32f1xx_hal.o
 .debug_ranges  0x0000000000000198       0xf0 Drivers/STM32F1xx_HAL_Driver/Src/stm32f1xx_hal_cortex.o
 .debug_ranges  0x0000000000000288       0x48 Drivers/STM32F1xx_HAL_Driver/Src/stm32f1xx_hal_gpio.o
 .debug_ranges  0x00000000000002d0      0x128 Drivers/STM32F1xx_HAL_Driver/Src/stm32f1xx_hal_pcd.o
 .debug_ranges  0x00000000000003f8       0x28 Drivers/STM32F1xx_HAL_Driver/Src/stm32f1xx_hal_pcd_ex.o
 .debug_ranges  0x0000000000000420       0x80 Drivers/STM32F1xx_HAL_Driver/Src/stm32f1xx_hal_rcc.o
 .debug_ranges  0x00000000000004a0       0x20 Drivers/STM32F1xx_HAL_Driver/Src/stm32f1xx_hal_rcc_ex.o
 .debug_ranges  0x00000000000004c0       0xe0 Drivers/STM32F1xx_HAL_Driver/Src/stm32f1xx_ll_usb.o
 .debug_ranges  0x00000000000005a0       0x80 Middlewares/ST/STM32_USB_Device_Library/Class/CDC/Src/usbd_cdc.o
 .debug_ranges  0x0000000000000620       0xa8 Middlewares/ST/STM32_USB_Device_Library/Core/Src/usbd_core.o
 .debug_ranges  0x00000000000006c8       0x78 Middlewares/ST/STM32_USB_Device_Library/Core/Src/usbd_ctlreq.o
 .debug_ranges  0x0000000000000740       0x40 Middlewares/ST/STM32_USB_Device_Library/Core/Src/usbd_ioreq.o
 .debug_ranges  0x0000000000000780       0x10 USB_DEVICE/App/usb_device.o
 .debug_ranges  0x0000000000000790       0x30 USB_DEVICE/App/usbd_cdc_if.o
 .debug_ranges  0x00000000000007c0       0x50 USB_DEVICE/App/usbd_desc.o
 .debug_ranges  0x0000000000000810      0x108 USB_DEVICE/Target/usbd_conf.o

.debug_macro    0x0000000000000000    0x19552
 .debug_macro   0x0000000000000000      0x394 Core/Src/main.o
 .debug_macro   0x0000000000000394      0xa5a Core/Src/main.o
 .debug_macro   0x0000000000000dee      0x215 Core/Src/main.o
 .debug_macro   0x0000000000001003       0x2e Core/Src/main.o
 .debug_macro   0x0000000000001031       0x22 Core/Src/main.o
 .debug_macro   0x0000000000001053       0x22 Core/Src/main.o
 .debug_macro   0x0000000000001075       0x8e Core/Src/main.o
 .debug_macro   0x0000000000001103       0x51 Core/Src/main.o
 .debug_macro   0x0000000000001154       0xef Core/Src/main.o
 .debug_macro   0x0000000000001243       0x6a Core/Src/main.o
 .debug_macro   0x00000000000012ad      0x1df Core/Src/main.o
 .debug_macro   0x000000000000148c       0x1c Core/Src/main.o
 .debug_macro   0x00000000000014a8       0x22 Core/Src/main.o
 .debug_macro   0x00000000000014ca       0xc3 Core/Src/main.o
 .debug_macro   0x000000000000158d      0xd23 Core/Src/main.o
 .debug_macro   0x00000000000022b0     0xe097 Core/Src/main.o
 .debug_macro   0x0000000000010347       0x43 Core/Src/main.o
 .debug_macro   0x000000000001038a     0x3468 Core/Src/main.o
 .debug_macro   0x00000000000137f2      0x174 Core/Src/main.o
 .debug_macro   0x0000000000013966       0x5c Core/Src/main.o
 .debug_macro   0x00000000000139c2      0x5be Core/Src/main.o
 .debug_macro   0x0000000000013f80      0x289 Core/Src/main.o
 .debug_macro   0x0000000000014209      0x1cb Core/Src/main.o
 .debug_macro   0x00000000000143d4      0x114 Core/Src/main.o
 .debug_macro   0x00000000000144e8      0x1b2 Core/Src/main.o
 .debug_macro   0x000000000001469a       0x27 Core/Src/main.o
 .debug_macro   0x00000000000146c1      0x136 Core/Src/main.o
 .debug_macro   0x00000000000147f7      0x1bc Core/Src/main.o
 .debug_macro   0x00000000000149b3       0x34 Core/Src/main.o
 .debug_macro   0x00000000000149e7       0x3c Core/Src/main.o
 .debug_macro   0x0000000000014a23       0x57 Core/Src/main.o
 .debug_macro   0x0000000000014a7a       0x88 Core/Src/main.o
 .debug_macro   0x0000000000014b02      0x241 Core/Src/main.o
 .debug_macro   0x0000000000014d43      0x141 Core/Src/main.o
 .debug_macro   0x0000000000014e84       0x65 Core/Src/main.o
 .debug_macro   0x0000000000014ee9      0x249 Core/Src/main.o
 .debug_macro   0x0000000000015132       0x83 Core/Src/main.o
 .debug_macro   0x00000000000151b5       0x46 Core/Src/main.o
 .debug_macro   0x00000000000151fb       0x18 Core/Src/main.o
 .debug_macro   0x0000000000015213       0x3c Core/Src/main.o
 .debug_macro   0x000000000001524f       0x34 Core/Src/main.o
 .debug_macro   0x0000000000015283       0x16 Core/Src/main.o
 .debug_macro   0x0000000000015299       0x35 Core/Src/main.o
 .debug_macro   0x00000000000152ce      0x32a Core/Src/main.o
 .debug_macro   0x00000000000155f8       0x10 Core/Src/main.o
 .debug_macro   0x0000000000015608       0x52 Core/Src/main.o
 .debug_macro   0x000000000001565a       0x1f Core/Src/main.o
 .debug_macro   0x0000000000015679       0x43 Core/Src/main.o
 .debug_macro   0x00000000000156bc       0x20 Core/Src/main.o
 .debug_macro   0x00000000000156dc      0x1a3 Core/Src/main.o
 .debug_macro   0x000000000001587f       0x10 Core/Src/main.o
 .debug_macro   0x000000000001588f       0x1c Core/Src/main.o
 .debug_macro   0x00000000000158ab       0x52 Core/Src/main.o
 .debug_macro   0x00000000000158fd       0x40 Core/Src/main.o
 .debug_macro   0x000000000001593d       0x10 Core/Src/main.o
 .debug_macro   0x000000000001594d       0x40 Core/Src/main.o
 .debug_macro   0x000000000001598d       0xd7 Core/Src/main.o
 .debug_macro   0x0000000000015a64       0x1c Core/Src/main.o
 .debug_macro   0x0000000000015a80       0x3d Core/Src/main.o
 .debug_macro   0x0000000000015abd       0x16 Core/Src/main.o
 .debug_macro   0x0000000000015ad3      0x145 Core/Src/main.o
 .debug_macro   0x0000000000015c18       0x16 Core/Src/main.o
 .debug_macro   0x0000000000015c2e       0x16 Core/Src/main.o
 .debug_macro   0x0000000000015c44       0x29 Core/Src/main.o
 .debug_macro   0x0000000000015c6d       0x16 Core/Src/main.o
 .debug_macro   0x0000000000015c83       0x20 Core/Src/main.o
 .debug_macro   0x0000000000015ca3       0x60 Core/Src/main.o
 .debug_macro   0x0000000000015d03      0x1c8 Core/Src/main.o
 .debug_macro   0x0000000000015ecb      0x1b2 Core/Src/stm32f1xx_hal_msp.o
 .debug_macro   0x000000000001607d      0x1bc Core/Src/stm32f1xx_it.o
 .debug_macro   0x0000000000016239      0x1a8 Core/Src/system_stm32f1xx.o
 .debug_macro   0x00000000000163e1      0x1cc Drivers/STM32F1xx_HAL_Driver/Src/stm32f1xx_hal.o
 .debug_macro   0x00000000000165ad      0x1a8 Drivers/STM32F1xx_HAL_Driver/Src/stm32f1xx_hal_cortex.o
 .debug_macro   0x0000000000016755      0x213 Drivers/STM32F1xx_HAL_Driver/Src/stm32f1xx_hal_gpio.o
 .debug_macro   0x0000000000016968      0x1b4 Drivers/STM32F1xx_HAL_Driver/Src/stm32f1xx_hal_pcd.o
 .debug_macro   0x0000000000016b1c      0x1a8 Drivers/STM32F1xx_HAL_Driver/Src/stm32f1xx_hal_pcd_ex.o
 .debug_macro   0x0000000000016cc4      0x1ba Drivers/STM32F1xx_HAL_Driver/Src/stm32f1xx_hal_rcc.o
 .debug_macro   0x0000000000016e7e      0x1a8 Drivers/STM32F1xx_HAL_Driver/Src/stm32f1xx_hal_rcc_ex.o
 .debug_macro   0x0000000000017026      0x1a8 Drivers/STM32F1xx_HAL_Driver/Src/stm32f1xx_ll_usb.o
 .debug_macro   0x00000000000171ce      0x3bf Middlewares/ST/STM32_USB_Device_Library/Class/CDC/Src/usbd_cdc.o
 .debug_macro   0x000000000001758d       0x97 Middlewares/ST/STM32_USB_Device_Library/Class/CDC/Src/usbd_cdc.o
 .debug_macro   0x0000000000017624       0xfd Middlewares/ST/STM32_USB_Device_Library/Class/CDC/Src/usbd_cdc.o
 .debug_macro   0x0000000000017721       0xbd Middlewares/ST/STM32_USB_Device_Library/Class/CDC/Src/usbd_cdc.o
 .debug_macro   0x00000000000177de       0x56 Middlewares/ST/STM32_USB_Device_Library/Class/CDC/Src/usbd_cdc.o
 .debug_macro   0x0000000000017834       0x8f Middlewares/ST/STM32_USB_Device_Library/Class/CDC/Src/usbd_cdc.o
 .debug_macro   0x00000000000178c3      0x3a6 Middlewares/ST/STM32_USB_Device_Library/Core/Src/usbd_core.o
 .debug_macro   0x0000000000017c69      0x1ce Middlewares/ST/STM32_USB_Device_Library/Core/Src/usbd_core.o
 .debug_macro   0x0000000000017e37      0x3b0 Middlewares/ST/STM32_USB_Device_Library/Core/Src/usbd_ctlreq.o
 .debug_macro   0x00000000000181e7      0x3ac Middlewares/ST/STM32_USB_Device_Library/Core/Src/usbd_ioreq.o
 .debug_macro   0x0000000000018593      0x3e5 USB_DEVICE/App/usb_device.o
 .debug_macro   0x0000000000018978       0x22 USB_DEVICE/App/usb_device.o
 .debug_macro   0x000000000001899a       0x16 USB_DEVICE/App/usb_device.o
 .debug_macro   0x00000000000189b0      0x3ca USB_DEVICE/App/usbd_cdc_if.o
 .debug_macro   0x0000000000018d7a       0x10 USB_DEVICE/App/usbd_cdc_if.o
 .debug_macro   0x0000000000018d8a      0x3e3 USB_DEVICE/App/usbd_desc.o
 .debug_macro   0x000000000001916d       0x1c USB_DEVICE/App/usbd_desc.o
 .debug_macro   0x0000000000019189      0x3c9 USB_DEVICE/Target/usbd_conf.o

.debug_line     0x0000000000000000     0xbb73
 .debug_line    0x0000000000000000      0x966 Core/Src/main.o
 .debug_line    0x0000000000000966      0x652 Core/Src/stm32f1xx_hal_msp.o
 .debug_line    0x0000000000000fb8      0x70b Core/Src/stm32f1xx_it.o
 .debug_line    0x00000000000016c3      0x679 Core/Src/system_stm32f1xx.o
 .debug_line    0x0000000000001d3c       0x84 Core/Startup/startup_stm32f103c8tx.o
 .debug_line    0x0000000000001dc0      0x82c Drivers/STM32F1xx_HAL_Driver/Src/stm32f1xx_hal.o
 .debug_line    0x00000000000025ec      0x903 Drivers/STM32F1xx_HAL_Driver/Src/stm32f1xx_hal_cortex.o
 .debug_line    0x0000000000002eef      0x828 Drivers/STM32F1xx_HAL_Driver/Src/stm32f1xx_hal_gpio.o
 .debug_line    0x0000000000003717      0xc90 Drivers/STM32F1xx_HAL_Driver/Src/stm32f1xx_hal_pcd.o
 .debug_line    0x00000000000043a7      0x69d Drivers/STM32F1xx_HAL_Driver/Src/stm32f1xx_hal_pcd_ex.o
 .debug_line    0x0000000000004a44      0x8ec Drivers/STM32F1xx_HAL_Driver/Src/stm32f1xx_hal_rcc.o
 .debug_line    0x0000000000005330      0x70a Drivers/STM32F1xx_HAL_Driver/Src/stm32f1xx_hal_rcc_ex.o
 .debug_line    0x0000000000005a3a      0xcc5 Drivers/STM32F1xx_HAL_Driver/Src/stm32f1xx_ll_usb.o
 .debug_line    0x00000000000066ff      0xaff Middlewares/ST/STM32_USB_Device_Library/Class/CDC/Src/usbd_cdc.o
 .debug_line    0x00000000000071fe      0xb3a Middlewares/ST/STM32_USB_Device_Library/Core/Src/usbd_core.o
 .debug_line    0x0000000000007d38      0xbc3 Middlewares/ST/STM32_USB_Device_Library/Core/Src/usbd_ctlreq.o
 .debug_line    0x00000000000088fb      0x9a3 Middlewares/ST/STM32_USB_Device_Library/Core/Src/usbd_ioreq.o
 .debug_line    0x000000000000929e      0x985 USB_DEVICE/App/usb_device.o
 .debug_line    0x0000000000009c23      0x9b8 USB_DEVICE/App/usbd_cdc_if.o
 .debug_line    0x000000000000a5db      0x9d7 USB_DEVICE/App/usbd_desc.o
 .debug_line    0x000000000000afb2      0xbc1 USB_DEVICE/Target/usbd_conf.o

.debug_str      0x0000000000000000    0x84746
 .debug_str     0x0000000000000000    0x81a35 Core/Src/main.o
                                      0x81e3a (size before relaxing)
 .debug_str     0x0000000000081a35       0x5a Core/Src/stm32f1xx_hal_msp.o
                                      0x7d042 (size before relaxing)
 .debug_str     0x0000000000081a8f      0x3e9 Core/Src/stm32f1xx_it.o
                                      0x7d3e5 (size before relaxing)
 .debug_str     0x0000000000081e78       0x52 Core/Src/system_stm32f1xx.o
                                      0x7d02f (size before relaxing)
 .debug_str     0x0000000000081eca       0x36 Core/Startup/startup_stm32f103c8tx.o
                                         0x84 (size before relaxing)
 .debug_str     0x0000000000081f00      0x55e Drivers/STM32F1xx_HAL_Driver/Src/stm32f1xx_hal.o
                                      0x7d6c0 (size before relaxing)
 .debug_str     0x000000000008245e      0x2d8 Drivers/STM32F1xx_HAL_Driver/Src/stm32f1xx_hal_cortex.o
                                      0x7d6c8 (size before relaxing)
 .debug_str     0x0000000000082736      0x324 Drivers/STM32F1xx_HAL_Driver/Src/stm32f1xx_hal_gpio.o
                                      0x7d3f3 (size before relaxing)
 .debug_str     0x0000000000082a5a      0x3e5 Drivers/STM32F1xx_HAL_Driver/Src/stm32f1xx_hal_pcd.o
                                      0x7d782 (size before relaxing)
 .debug_str     0x0000000000082e3f      0x18d Drivers/STM32F1xx_HAL_Driver/Src/stm32f1xx_hal_pcd_ex.o
                                      0x7d4cf (size before relaxing)
 .debug_str     0x0000000000082fcc      0x24f Drivers/STM32F1xx_HAL_Driver/Src/stm32f1xx_hal_rcc.o
                                      0x7d42c (size before relaxing)
 .debug_str     0x000000000008321b       0xb9 Drivers/STM32F1xx_HAL_Driver/Src/stm32f1xx_hal_rcc_ex.o
                                      0x7d1b9 (size before relaxing)
 .debug_str     0x00000000000832d4      0x2ad Drivers/STM32F1xx_HAL_Driver/Src/stm32f1xx_ll_usb.o
                                      0x7d502 (size before relaxing)
 .debug_str     0x0000000000083581      0x8d9 Middlewares/ST/STM32_USB_Device_Library/Class/CDC/Src/usbd_cdc.o
                                      0x8283b (size before relaxing)
 .debug_str     0x0000000000083e5a      0x1b5 Middlewares/ST/STM32_USB_Device_Library/Core/Src/usbd_core.o
                                      0x82136 (size before relaxing)
 .debug_str     0x000000000008400f      0x134 Middlewares/ST/STM32_USB_Device_Library/Core/Src/usbd_ctlreq.o
                                      0x820bc (size before relaxing)
 .debug_str     0x0000000000084143       0xc9 Middlewares/ST/STM32_USB_Device_Library/Core/Src/usbd_ioreq.o
                                      0x82044 (size before relaxing)
 .debug_str     0x000000000008420c      0x118 USB_DEVICE/App/usb_device.o
                                      0x823ab (size before relaxing)
 .debug_str     0x0000000000084324       0x76 USB_DEVICE/App/usbd_cdc_if.o
                                      0x823e3 (size before relaxing)
 .debug_str     0x000000000008439a      0x258 USB_DEVICE/App/usbd_desc.o
                                      0x81faf (size before relaxing)
 .debug_str     0x00000000000845f2      0x154 USB_DEVICE/Target/usbd_conf.o
                                      0x82c61 (size before relaxing)

.comment        0x0000000000000000       0x7b
 .comment       0x0000000000000000       0x7b Core/Src/main.o
                                         0x7c (size before relaxing)
 .comment       0x000000000000007b       0x7c Core/Src/stm32f1xx_hal_msp.o
 .comment       0x000000000000007b       0x7c Core/Src/stm32f1xx_it.o
 .comment       0x000000000000007b       0x7c Core/Src/system_stm32f1xx.o
 .comment       0x000000000000007b       0x7c Drivers/STM32F1xx_HAL_Driver/Src/stm32f1xx_hal.o
 .comment       0x000000000000007b       0x7c Drivers/STM32F1xx_HAL_Driver/Src/stm32f1xx_hal_cortex.o
 .comment       0x000000000000007b       0x7c Drivers/STM32F1xx_HAL_Driver/Src/stm32f1xx_hal_gpio.o
 .comment       0x000000000000007b       0x7c Drivers/STM32F1xx_HAL_Driver/Src/stm32f1xx_hal_pcd.o
 .comment       0x000000000000007b       0x7c Drivers/STM32F1xx_HAL_Driver/Src/stm32f1xx_hal_pcd_ex.o
 .comment       0x000000000000007b       0x7c Drivers/STM32F1xx_HAL_Driver/Src/stm32f1xx_hal_rcc.o
 .comment       0x000000000000007b       0x7c Drivers/STM32F1xx_HAL_Driver/Src/stm32f1xx_hal_rcc_ex.o
 .comment       0x000000000000007b       0x7c Drivers/STM32F1xx_HAL_Driver/Src/stm32f1xx_ll_usb.o
 .comment       0x000000000000007b       0x7c Middlewares/ST/STM32_USB_Device_Library/Class/CDC/Src/usbd_cdc.o
 .comment       0x000000000000007b       0x7c Middlewares/ST/STM32_USB_Device_Library/Core/Src/usbd_core.o
 .comment       0x000000000000007b       0x7c Middlewares/ST/STM32_USB_Device_Library/Core/Src/usbd_ctlreq.o
 .comment       0x000000000000007b       0x7c Middlewares/ST/STM32_USB_Device_Library/Core/Src/usbd_ioreq.o
 .comment       0x000000000000007b       0x7c USB_DEVICE/App/usb_device.o
 .comment       0x000000000000007b       0x7c USB_DEVICE/App/usbd_cdc_if.o
 .comment       0x000000000000007b       0x7c USB_DEVICE/App/usbd_desc.o
 .comment       0x000000000000007b       0x7c USB_DEVICE/Target/usbd_conf.o

.debug_frame    0x0000000000000000     0x27a0
 .debug_frame   0x0000000000000000       0x8c Core/Src/main.o
 .debug_frame   0x000000000000008c       0x38 Core/Src/stm32f1xx_hal_msp.o
 .debug_frame   0x00000000000000c4      0x120 Core/Src/stm32f1xx_it.o
 .debug_frame   0x00000000000001e4       0x58 Core/Src/system_stm32f1xx.o
 .debug_frame   0x000000000000023c      0x334 Drivers/STM32F1xx_HAL_Driver/Src/stm32f1xx_hal.o
 .debug_frame   0x0000000000000570      0x428 Drivers/STM32F1xx_HAL_Driver/Src/stm32f1xx_hal_cortex.o
 .debug_frame   0x0000000000000998      0x14c Drivers/STM32F1xx_HAL_Driver/Src/stm32f1xx_hal_gpio.o
 .debug_frame   0x0000000000000ae4      0x578 Drivers/STM32F1xx_HAL_Driver/Src/stm32f1xx_hal_pcd.o
 .debug_frame   0x000000000000105c       0xb0 Drivers/STM32F1xx_HAL_Driver/Src/stm32f1xx_hal_pcd_ex.o
 .debug_frame   0x000000000000110c      0x21c Drivers/STM32F1xx_HAL_Driver/Src/stm32f1xx_hal_rcc.o
 .debug_frame   0x0000000000001328       0x84 Drivers/STM32F1xx_HAL_Driver/Src/stm32f1xx_hal_rcc_ex.o
 .debug_frame   0x00000000000013ac      0x450 Drivers/STM32F1xx_HAL_Driver/Src/stm32f1xx_ll_usb.o
 .debug_frame   0x00000000000017fc      0x248 Middlewares/ST/STM32_USB_Device_Library/Class/CDC/Src/usbd_cdc.o
 .debug_frame   0x0000000000001a44      0x300 Middlewares/ST/STM32_USB_Device_Library/Core/Src/usbd_core.o
 .debug_frame   0x0000000000001d44      0x218 Middlewares/ST/STM32_USB_Device_Library/Core/Src/usbd_ctlreq.o
 .debug_frame   0x0000000000001f5c      0x10c Middlewares/ST/STM32_USB_Device_Library/Core/Src/usbd_ioreq.o
 .debug_frame   0x0000000000002068       0x2c USB_DEVICE/App/usb_device.o
 .debug_frame   0x0000000000002094       0xbc USB_DEVICE/App/usbd_cdc_if.o
 .debug_frame   0x0000000000002150      0x160 USB_DEVICE/App/usbd_desc.o
 .debug_frame   0x00000000000022b0      0x4a4 USB_DEVICE/Target/usbd_conf.o
 .debug_frame   0x0000000000002754       0x2c /opt/st/stm32cubeide_1.5.1/plugins/com.st.stm32cube.ide.mcu.externaltools.gnu-tools-for-stm32.7-2018-q2-update.linux64_1.5.0.202011040924/tools/bin/../lib/gcc/arm-none-eabi/7.3.1/../../../../arm-none-eabi/lib/thumb/v7-m/libc_nano.a(lib_a-init.o)
 .debug_frame   0x0000000000002780       0x20 /opt/st/stm32cubeide_1.5.1/plugins/com.st.stm32cube.ide.mcu.externaltools.gnu-tools-for-stm32.7-2018-q2-update.linux64_1.5.0.202011040924/tools/bin/../lib/gcc/arm-none-eabi/7.3.1/../../../../arm-none-eabi/lib/thumb/v7-m/libc_nano.a(lib_a-memset.o)
